Archive member included to satisfy reference by file (symbol)

d:/green/gcc-arm-none-eabi-10.3-2021.10/bin/../lib/gcc/arm-none-eabi/10.3.1/thumb/v7e-m+fp/hard\libgcc.a(_arm_muldf3.o)
                              CMakeFiles/TwoWheelsCar_F407VG.elf.dir/MyFile/Src/encoder.c.obj (__aeabi_dmul)
d:/green/gcc-arm-none-eabi-10.3-2021.10/bin/../lib/gcc/arm-none-eabi/10.3.1/thumb/v7e-m+fp/hard\libgcc.a(_arm_addsubdf3.o)
                              CMakeFiles/TwoWheelsCar_F407VG.elf.dir/MyFile/Src/encoder.c.obj (__aeabi_dsub)
d:/green/gcc-arm-none-eabi-10.3-2021.10/bin/../lib/gcc/arm-none-eabi/10.3.1/thumb/v7e-m+fp/hard\libgcc.a(_arm_muldivdf3.o)
                              CMakeFiles/TwoWheelsCar_F407VG.elf.dir/MyFile/Src/encoder.c.obj (__aeabi_ddiv)
d:/green/gcc-arm-none-eabi-10.3-2021.10/bin/../lib/gcc/arm-none-eabi/10.3.1/thumb/v7e-m+fp/hard\libgcc.a(_arm_fixdfsi.o)
                              CMakeFiles/TwoWheelsCar_F407VG.elf.dir/MyFile/Src/encoder.c.obj (__aeabi_d2iz)
d:/green/gcc-arm-none-eabi-10.3-2021.10/bin/../lib/gcc/arm-none-eabi/10.3.1/thumb/v7e-m+fp/hard\libgcc.a(_aeabi_uldivmod.o)
                              CMakeFiles/TwoWheelsCar_F407VG.elf.dir/Drivers/STM32F4xx_HAL_Driver/Src/stm32f4xx_hal_rcc.c.obj (__aeabi_uldivmod)
d:/green/gcc-arm-none-eabi-10.3-2021.10/bin/../lib/gcc/arm-none-eabi/10.3.1/thumb/v7e-m+fp/hard\libgcc.a(_udivmoddi4.o)
                              d:/green/gcc-arm-none-eabi-10.3-2021.10/bin/../lib/gcc/arm-none-eabi/10.3.1/thumb/v7e-m+fp/hard\libgcc.a(_aeabi_uldivmod.o) (__udivmoddi4)
d:/green/gcc-arm-none-eabi-10.3-2021.10/bin/../lib/gcc/arm-none-eabi/10.3.1/thumb/v7e-m+fp/hard\libgcc.a(_dvmd_tls.o)
                              d:/green/gcc-arm-none-eabi-10.3-2021.10/bin/../lib/gcc/arm-none-eabi/10.3.1/thumb/v7e-m+fp/hard\libgcc.a(_aeabi_uldivmod.o) (__aeabi_ldiv0)
d:/green/gcc-arm-none-eabi-10.3-2021.10/bin/../lib/gcc/arm-none-eabi/10.3.1/../../../../arm-none-eabi/lib/thumb/v7e-m+fp/hard\libg.a(lib_a-errno.o)
                              CMakeFiles/TwoWheelsCar_F407VG.elf.dir/Core/Src/syscalls.c.obj (__errno)
d:/green/gcc-arm-none-eabi-10.3-2021.10/bin/../lib/gcc/arm-none-eabi/10.3.1/../../../../arm-none-eabi/lib/thumb/v7e-m+fp/hard\libg.a(lib_a-exit.o)
                              d:/green/gcc-arm-none-eabi-10.3-2021.10/bin/../lib/gcc/arm-none-eabi/10.3.1/../../../../arm-none-eabi/lib/thumb/v7e-m+fp/hard/crt0.o (exit)
d:/green/gcc-arm-none-eabi-10.3-2021.10/bin/../lib/gcc/arm-none-eabi/10.3.1/../../../../arm-none-eabi/lib/thumb/v7e-m+fp/hard\libg.a(lib_a-impure.o)
                              d:/green/gcc-arm-none-eabi-10.3-2021.10/bin/../lib/gcc/arm-none-eabi/10.3.1/../../../../arm-none-eabi/lib/thumb/v7e-m+fp/hard\libg.a(lib_a-exit.o) (_global_impure_ptr)
d:/green/gcc-arm-none-eabi-10.3-2021.10/bin/../lib/gcc/arm-none-eabi/10.3.1/../../../../arm-none-eabi/lib/thumb/v7e-m+fp/hard\libg.a(lib_a-init.o)
                              d:/green/gcc-arm-none-eabi-10.3-2021.10/bin/../lib/gcc/arm-none-eabi/10.3.1/../../../../arm-none-eabi/lib/thumb/v7e-m+fp/hard/crt0.o (__libc_init_array)
d:/green/gcc-arm-none-eabi-10.3-2021.10/bin/../lib/gcc/arm-none-eabi/10.3.1/../../../../arm-none-eabi/lib/thumb/v7e-m+fp/hard\libg.a(lib_a-memcpy.o)
                              CMakeFiles/TwoWheelsCar_F407VG.elf.dir/Middlewares/Third_Party/FreeRTOS/Source/queue.c.obj (memcpy)
d:/green/gcc-arm-none-eabi-10.3-2021.10/bin/../lib/gcc/arm-none-eabi/10.3.1/../../../../arm-none-eabi/lib/thumb/v7e-m+fp/hard\libg.a(lib_a-memset.o)
                              d:/green/gcc-arm-none-eabi-10.3-2021.10/bin/../lib/gcc/arm-none-eabi/10.3.1/../../../../arm-none-eabi/lib/thumb/v7e-m+fp/hard/crt0.o (memset)
d:/green/gcc-arm-none-eabi-10.3-2021.10/bin/../lib/gcc/arm-none-eabi/10.3.1/../../../../arm-none-eabi/lib/thumb/v7e-m+fp/hard\libg.a(lib_a-reent.o)
                              CMakeFiles/TwoWheelsCar_F407VG.elf.dir/Middlewares/Third_Party/FreeRTOS/Source/tasks.c.obj (_reclaim_reent)
d:/green/gcc-arm-none-eabi-10.3-2021.10/bin/../lib/gcc/arm-none-eabi/10.3.1/../../../../arm-none-eabi/lib/thumb/v7e-m+fp/hard\libg.a(lib_a-__call_atexit.o)
                              d:/green/gcc-arm-none-eabi-10.3-2021.10/bin/../lib/gcc/arm-none-eabi/10.3.1/../../../../arm-none-eabi/lib/thumb/v7e-m+fp/hard\libg.a(lib_a-exit.o) (__call_exitprocs)
d:/green/gcc-arm-none-eabi-10.3-2021.10/bin/../lib/gcc/arm-none-eabi/10.3.1/../../../../arm-none-eabi/lib/thumb/v7e-m+fp/hard\libg.a(lib_a-atexit.o)
                              d:/green/gcc-arm-none-eabi-10.3-2021.10/bin/../lib/gcc/arm-none-eabi/10.3.1/../../../../arm-none-eabi/lib/thumb/v7e-m+fp/hard\libg.a(lib_a-__call_atexit.o) (atexit)
d:/green/gcc-arm-none-eabi-10.3-2021.10/bin/../lib/gcc/arm-none-eabi/10.3.1/../../../../arm-none-eabi/lib/thumb/v7e-m+fp/hard\libg.a(lib_a-fini.o)
[...]
Memory Configuration

Name             Origin             Length             Attributes
CCMRAM           0x10000000         0x00010000         xrw
RAM              0x20000000         0x00020000         xrw
FLASH            0x08000000         0x00100000         xr
*default*        0x00000000         0xffffffff

Linker script and memory map

LOAD d:/green/gcc-arm-none-eabi-10.3-2021.10/bin/../lib/gcc/arm-none-eabi/10.3.1/thumb/v7e-m+fp/hard/crti.o
LOAD d:/green/gcc-arm-none-eabi-10.3-2021.10/bin/../lib/gcc/arm-none-eabi/10.3.1/thumb/v7e-m+fp/hard/crtbegin.o
LOAD d:/green/gcc-arm-none-eabi-10.3-2021.10/bin/../lib/gcc/arm-none-eabi/10.3.1/../../../../arm-none-eabi/lib/thumb/v7e-m+fp/hard/crt0.o
LOAD CMakeFiles/TwoWheelsCar_F407VG.elf.dir/Core/Src/dma.c.obj
LOAD CMakeFiles/TwoWheelsCar_F407VG.elf.dir/Core/Src/freertos.c.obj
LOAD CMakeFiles/TwoWheelsCar_F407VG.elf.dir/Core/Src/gpio.c.obj
LOAD CMakeFiles/TwoWheelsCar_F407VG.elf.dir/Core/Src/i2c.c.obj
LOAD CMakeFiles/TwoWheelsCar_F407VG.elf.dir/Core/Src/main.c.obj
LOAD CMakeFiles/TwoWheelsCar_F407VG.elf.dir/Core/Src/stm32f4xx_hal_msp.c.obj
LOAD CMakeFiles/TwoWheelsCar_F407VG.elf.dir/Core/Src/stm32f4xx_hal_timebase_tim.c.obj
LOAD CMakeFiles/TwoWheelsCar_F407VG.elf.dir/Core/Src/stm32f4xx_it.c.obj
LOAD CMakeFiles/TwoWheelsCar_F407VG.elf.dir/Core/Src/syscalls.c.obj
LOAD CMakeFiles/TwoWheelsCar_F407VG.elf.dir/Core/Src/sysmem.c.obj
LOAD CMakeFiles/TwoWheelsCar_F407VG.elf.dir/Core/Src/system_stm32f4xx.c.obj
LOAD CMakeFiles/TwoWheelsCar_F407VG.elf.dir/Core/Src/tim.c.obj
LOAD CMakeFiles/TwoWheelsCar_F407VG.elf.dir/Core/Src/usart.c.obj
LOAD CMakeFiles/TwoWheelsCar_F407VG.elf.dir/Core/Startup/startup_stm32f407vgtx.s.obj
LOAD CMakeFiles/TwoWheelsCar_F407VG.elf.dir/Drivers/STM32F4xx_HAL_Driver/Src/stm32f4xx_hal.c.obj
LOAD CMakeFiles/TwoWheelsCar_F407VG.elf.dir/Drivers/STM32F4xx_HAL_Driver/Src/stm32f4xx_hal_cortex.c.obj
LOAD CMakeFiles/TwoWheelsCar_F407VG.elf.dir/Drivers/STM32F4xx_HAL_Driver/Src/stm32f4xx_hal_dma.c.obj
LOAD CMakeFiles/TwoWheelsCar_F407VG.elf.dir/Drivers/STM32F4xx_HAL_Driver/Src/stm32f4xx_hal_dma_ex.c.obj
LOAD CMakeFiles/TwoWheelsCar_F407VG.elf.dir/Drivers/STM32F4xx_HAL_Driver/Src/stm32f4xx_hal_exti.c.obj
LOAD CMakeFiles/TwoWheelsCar_F407VG.elf.dir/Drivers/STM32F4xx_HAL_Driver/Src/stm32f4xx_hal_flash.c.obj
LOAD CMakeFiles/TwoWheelsCar_F407VG.elf.dir/Drivers/STM32F4xx_HAL_Driver/Src/stm32f4xx_hal_flash_ex.c.obj
LOAD CMakeFiles/TwoWheelsCar_F407VG.elf.dir/Drivers/STM32F4xx_HAL_Driver/Src/stm32f4xx_hal_flash_ramfunc.c.obj
LOAD CMakeFiles/TwoWheelsCar_F407VG.elf.dir/Drivers/STM32F4xx_HAL_Driver/Src/stm32f4xx_hal_gpio.c.obj
LOAD CMakeFiles/TwoWheelsCar_F407VG.elf.dir/Drivers/STM32F4xx_HAL_Driver/Src/stm32f4xx_hal_i2c.c.obj
LOAD CMakeFiles/TwoWheelsCar_F407VG.elf.dir/Drivers/STM32F4xx_HAL_Driver/Src/stm32f4xx_hal_i2c_ex.c.obj
LOAD CMakeFiles/TwoWheelsCar_F407VG.elf.dir/Drivers/STM32F4xx_HAL_Driver/Src/stm32f4xx_hal_pwr.c.obj
LOAD CMakeFiles/TwoWheelsCar_F407VG.elf.dir/Drivers/STM32F4xx_HAL_Driver/Src/stm32f4xx_hal_pwr_ex.c.obj
LOAD CMakeFiles/TwoWheelsCar_F407VG.elf.dir/Drivers/STM32F4xx_HAL_Driver/Src/stm32f4xx_hal_rcc.c.obj
LOAD CMakeFiles/TwoWheelsCar_F407VG.elf.dir/Drivers/STM32F4xx_HAL_Driver/Src/stm32f4xx_hal_rcc_ex.c.obj
LOAD CMakeFiles/TwoWheelsCar_F407VG.elf.dir/Drivers/STM32F4xx_HAL_Driver/Src/stm32f4xx_hal_tim.c.obj
LOAD CMakeFiles/TwoWheelsCar_F407VG.elf.dir/Drivers/STM32F4xx_HAL_Driver/Src/stm32f4xx_hal_tim_ex.c.obj
LOAD CMakeFiles/TwoWheelsCar_F407VG.elf.dir/Drivers/STM32F4xx_HAL_Driver/Src/stm32f4xx_hal_uart.c.obj
LOAD CMakeFiles/TwoWheelsCar_F407VG.elf.dir/Middlewares/Third_Party/FreeRTOS/Source/CMSIS_RTOS/cmsis_os.c.obj
LOAD CMakeFiles/TwoWheelsCar_F407VG.elf.dir/Middlewares/Third_Party/FreeRTOS/Source/croutine.c.obj
LOAD CMakeFiles/TwoWheelsCar_F407VG.elf.dir/Middlewares/Third_Party/FreeRTOS/Source/event_groups.c.obj
LOAD CMakeFiles/TwoWheelsCar_F407VG.elf.dir/Middlewares/Third_Party/FreeRTOS/Source/list.c.obj
LOAD CMakeFiles/TwoWheelsCar_F407VG.elf.dir/Middlewares/Third_Party/FreeRTOS/Source/portable/GCC/ARM_CM4F/port.c.obj
LOAD CMakeFiles/TwoWheelsCar_F407VG.elf.dir/Middlewares/Third_Party/FreeRTOS/Source/portable/MemMang/heap_4.c.obj
LOAD CMakeFiles/TwoWheelsCar_F407VG.elf.dir/Middlewares/Third_Party/FreeRTOS/Source/queue.c.obj
LOAD CMakeFiles/TwoWheelsCar_F407VG.elf.dir/Middlewares/Third_Party/FreeRTOS/Source/stream_buffer.c.obj
LOAD CMakeFiles/TwoWheelsCar_F407VG.elf.dir/Middlewares/Third_Party/FreeRTOS/Source/tasks.c.obj
LOAD CMakeFiles/TwoWheelsCar_F407VG.elf.dir/Middlewares/Third_Party/FreeRTOS/Source/timers.c.obj
LOAD CMakeFiles/TwoWheelsCar_F407VG.elf.dir/MyFile/Src/encoder.c.obj
LOAD CMakeFiles/TwoWheelsCar_F407VG.elf.dir/MyFile/Src/motor.c.obj
LOAD CMakeFiles/TwoWheelsCar_F407VG.elf.dir/MyFile/Src/mycontrol.c.obj
LOAD CMakeFiles/TwoWheelsCar_F407VG.elf.dir/MyFile/Src/mypid.c.obj
LOAD CMakeFiles/TwoWheelsCar_F407VG.elf.dir/MyFile/Src/myrgb.c.obj
LOAD CMakeFiles/TwoWheelsCar_F407VG.elf.dir/MyFile/Src/myuart.c.obj
START GROUP
LOAD d:/green/gcc-arm-none-eabi-10.3-2021.10/bin/../lib/gcc/arm-none-eabi/10.3.1/thumb/v7e-m+fp/hard\libgcc.a
LOAD d:/green/gcc-arm-none-eabi-10.3-2021.10/bin/../lib/gcc/arm-none-eabi/10.3.1/../../../../arm-none-eabi/lib/thumb/v7e-m+fp/hard\libg.a
LOAD d:/green/gcc-arm-none-eabi-10.3-2021.10/bin/../lib/gcc/arm-none-eabi/10.3.1/../../../../arm-none-eabi/lib/thumb/v7e-m+fp/hard\libc.a
END GROUP
LOAD d:/green/gcc-arm-none-eabi-10.3-2021.10/bin/../lib/gcc/arm-none-eabi/10.3.1/thumb/v7e-m+fp/hard/crtend.o
LOAD d:/green/gcc-arm-none-eabi-10.3-2021.10/bin/../lib/gcc/arm-none-eabi/10.3.1/thumb/v7e-m+fp/hard/crtn.o
                0x20020000                _estack = (ORIGIN (RAM) + LENGTH (RAM))
                0x00000200                _Min_Heap_Size = 0x200
                0x00000800                _Min_Stack_Size = 0x800

.isr_vector     0x08000000      0x188
                0x08000000                . = ALIGN (0x4)
 *(.isr_vector)
 .isr_vector    0x08000000      0x188 CMakeFiles/TwoWheelsCar_F407VG.elf.dir/Core/Startup/startup_stm32f407vgtx.s.obj
                0x08000000                g_pfnVectors
                0x08000188                . = ALIGN (0x4)

.text           0x08000190     0x7198
                0x08000190                . = ALIGN (0x4)
 *(.text)
 .text          0x08000190       0x40 d:/green/gcc-arm-none-eabi-10.3-2021.10/bin/../lib/gcc/arm-none-eabi/10.3.1/thumb/v7e-m+fp/hard/crtbegin.o
 .text          0x080001d0      0x378 d:/green/gcc-arm-none-eabi-10.3-2021.10/bin/../lib/gcc/arm-none-eabi/10.3.1/thumb/v7e-m+fp/hard\libgcc.a(_arm_addsubdf3.o)
                0x080001d0                __aeabi_drsub
                0x080001d8                __aeabi_dsub
                0x080001d8                __subdf3
                0x080001dc                __aeabi_dadd
                0x080001dc                __adddf3
                0x08000454                __floatunsidf
                0x08000454                __aeabi_ui2d
                0x08000474                __floatsidf
                0x08000474                __aeabi_i2d
                0x08000498                __aeabi_f2d
                0x08000498                __extendsfdf2
                0x080004dc                __floatundidf
                0x080004dc                __aeabi_ul2d
                0x080004ec                __floatdidf
                0x080004ec                __aeabi_l2d
 .text          0x08000548      0x424 d:/green/gcc-arm-none-eabi-10.3-2021.10/bin/../lib/gcc/arm-none-eabi/10.3.1/thumb/v7e-m+fp/hard\libgcc.a(_arm_muldivdf3.o)
                0x08000548                __aeabi_dmul
                0x08000548                __muldf3
                0x0800079c                __divdf3
                0x0800079c                __aeabi_ddiv
 .text          0x0800096c       0x50 d:/green/gcc-arm-none-eabi-10.3-2021.10/bin/../lib/gcc/arm-none-eabi/10.3.1/thumb/v7e-m+fp/hard\libgcc.a(_arm_fixdfsi.o)
                0x0800096c                __aeabi_d2iz
                0x0800096c                __fixdfsi
 .text          0x080009bc       0x30 d:/green/gcc-arm-none-eabi-10.3-2021.10/bin/../lib/gcc/arm-none-eabi/10.3.1/thumb/v7e-m+fp/hard\libgcc.a(_aeabi_uldivmod.o)
                0x080009bc                __aeabi_uldivmod
 .text          0x080009ec      0x2d0 d:/green/gcc-arm-none-eabi-10.3-2021.10/bin/../lib/gcc/arm-none-eabi/10.3.1/thumb/v7e-m+fp/hard\libgcc.a(_udivmoddi4.o)
                0x080009ec                __udivmoddi4
 .text          0x08000cbc        0x4 d:/green/gcc-arm-none-eabi-10.3-2021.10/bin/../lib/gcc/arm-none-eabi/10.3.1/thumb/v7e-m+fp/hard\libgcc.a(_dvmd_tls.o)
                0x08000cbc                __aeabi_idiv0
                0x08000cbc                __aeabi_ldiv0
 .text          0x08000cc0      0x134 d:/green/gcc-arm-none-eabi-10.3-2021.10/bin/../lib/gcc/arm-none-eabi/10.3.1/../../../../arm-none-eabi/lib/thumb/v7e-m+fp/hard\libg.a(lib_a-memcpy.o)
                0x08000cc0                memcpy
 *(.text*)
 .text.MX_DMA_Init
                0x08000df4       0x78 CMakeFiles/TwoWheelsCar_F407VG.elf.dir/Core/Src/dma.c.obj
                0x08000df4                MX_DMA_Init
 .text.MyTimer2_Callback2
                0x08000e6c        0x2 CMakeFiles/TwoWheelsCar_F407VG.elf.dir/Core/Src/freertos.c.obj
                0x08000e6c                MyTimer2_Callback2
 .text.StartDefaultTask
                0x08000e6e        0xa CMakeFiles/TwoWheelsCar_F407VG.elf.dir/Core/Src/freertos.c.obj
                0x08000e6e                StartDefaultTask
 .text.StartAnalysisTask
                0x08000e78        0xa CMakeFiles/TwoWheelsCar_F407VG.elf.dir/Core/Src/freertos.c.obj
                0x08000e78                StartAnalysisTask
 *fill*         0x08000e82        0x2 
 .text.StartKeyTask
                0x08000e84       0x5c CMakeFiles/TwoWheelsCar_F407VG.elf.dir/Core/Src/freertos.c.obj
                0x08000e84                StartKeyTask
 .text.StartGetEventTask
                0x08000ee0       0x78 CMakeFiles/TwoWheelsCar_F407VG.elf.dir/Core/Src/freertos.c.obj
                0x08000ee0                StartGetEventTask
 .text.StartControlTask
                0x08000f58        0xe CMakeFiles/TwoWheelsCar_F407VG.elf.dir/Core/Src/freertos.c.obj
                0x08000f58                StartControlTask
 .text.StartSendTask
                0x08000f66        0xe CMakeFiles/TwoWheelsCar_F407VG.elf.dir/Core/Src/freertos.c.obj
                0x08000f66                StartSendTask
 .text.MyTimer1_Callback
                0x08000f74       0x14 CMakeFiles/TwoWheelsCar_F407VG.elf.dir/Core/Src/freertos.c.obj
                0x08000f74                MyTimer1_Callback
 .text.vApplicationGetIdleTaskMemory
                0x08000f88       0x18 CMakeFiles/TwoWheelsCar_F407VG.elf.dir/Core/Src/freertos.c.obj
                0x08000f88                vApplicationGetIdleTaskMemory
 .text.vApplicationGetTimerTaskMemory
                0x08000fa0       0x18 CMakeFiles/TwoWheelsCar_F407VG.elf.dir/Core/Src/freertos.c.obj
                0x08000fa0                vApplicationGetTimerTaskMemory
 .text.MX_FREERTOS_Init
                0x08000fb8      0x154 CMakeFiles/TwoWheelsCar_F407VG.elf.dir/Core/Src/freertos.c.obj
                0x08000fb8                MX_FREERTOS_Init
 .text.MX_GPIO_Init
                0x0800110c       0xf4 CMakeFiles/TwoWheelsCar_F407VG.elf.dir/Core/Src/gpio.c.obj
                0x0800110c                MX_GPIO_Init
 .text.MX_I2C1_Init
                0x08001200       0x3c CMakeFiles/TwoWheelsCar_F407VG.elf.dir/Core/Src/i2c.c.obj
                0x08001200                MX_I2C1_Init
 .text.HAL_I2C_MspInit
                0x0800123c       0x70 CMakeFiles/TwoWheelsCar_F407VG.elf.dir/Core/Src/i2c.c.obj
                0x0800123c                HAL_I2C_MspInit
 .text.HAL_TIM_PeriodElapsedCallback
                0x080012ac       0x18 CMakeFiles/TwoWheelsCar_F407VG.elf.dir/Core/Src/main.c.obj
                0x080012ac                HAL_TIM_PeriodElapsedCallback
 .text.Error_Handler
                0x080012c4        0x4 CMakeFiles/TwoWheelsCar_F407VG.elf.dir/Core/Src/main.c.obj
                0x080012c4                Error_Handler
 .text.SystemClock_Config
                0x080012c8       0xa8 CMakeFiles/TwoWheelsCar_F407VG.elf.dir/Core/Src/main.c.obj
                0x080012c8                SystemClock_Config
 .text.main     0x08001370       0xc8 CMakeFiles/TwoWheelsCar_F407VG.elf.dir/Core/Src/main.c.obj
                0x08001370                main
 .text.HAL_MspInit
                0x08001438       0x44 CMakeFiles/TwoWheelsCar_F407VG.elf.dir/Core/Src/stm32f4xx_hal_msp.c.obj
                0x08001438                HAL_MspInit
 .text.HAL_InitTick
                0x0800147c       0x98 CMakeFiles/TwoWheelsCar_F407VG.elf.dir/Core/Src/stm32f4xx_hal_timebase_tim.c.obj
                0x0800147c                HAL_InitTick
 .text.NMI_Handler
                0x08001514        0x2 CMakeFiles/TwoWheelsCar_F407VG.elf.dir/Core/Src/stm32f4xx_it.c.obj
                0x08001514                NMI_Handler
 .text.HardFault_Handler
                0x08001516        0x2 CMakeFiles/TwoWheelsCar_F407VG.elf.dir/Core/Src/stm32f4xx_it.c.obj
                0x08001516                HardFault_Handler
 .text.MemManage_Handler
                0x08001518        0x2 CMakeFiles/TwoWheelsCar_F407VG.elf.dir/Core/Src/stm32f4xx_it.c.obj
                0x08001518                MemManage_Handler
 .text.BusFault_Handler
                0x0800151a        0x2 CMakeFiles/TwoWheelsCar_F407VG.elf.dir/Core/Src/stm32f4xx_it.c.obj
                0x0800151a                BusFault_Handler
 .text.UsageFault_Handler
                0x0800151c        0x2 CMakeFiles/TwoWheelsCar_F407VG.elf.dir/Core/Src/stm32f4xx_it.c.obj
                0x0800151c                UsageFault_Handler
 .text.DebugMon_Handler
                0x0800151e        0x2 CMakeFiles/TwoWheelsCar_F407VG.elf.dir/Core/Src/stm32f4xx_it.c.obj
                0x0800151e                DebugMon_Handler
 .text.DMA1_Stream5_IRQHandler
                0x08001520       0x10 CMakeFiles/TwoWheelsCar_F407VG.elf.dir/Core/Src/stm32f4xx_it.c.obj
                0x08001520                DMA1_Stream5_IRQHandler
 .text.DMA1_Stream6_IRQHandler
                0x08001530       0x10 CMakeFiles/TwoWheelsCar_F407VG.elf.dir/Core/Src/stm32f4xx_it.c.obj
                0x08001530                DMA1_Stream6_IRQHandler
 .text.TIM1_UP_TIM10_IRQHandler
                0x08001540       0x10 CMakeFiles/TwoWheelsCar_F407VG.elf.dir/Core/Src/stm32f4xx_it.c.obj
                0x08001540                TIM1_UP_TIM10_IRQHandler
 .text.USART1_IRQHandler
                0x08001550       0x10 CMakeFiles/TwoWheelsCar_F407VG.elf.dir/Core/Src/stm32f4xx_it.c.obj
                0x08001550                USART1_IRQHandler
 .text.USART2_IRQHandler
                0x08001560       0x80 CMakeFiles/TwoWheelsCar_F407VG.elf.dir/Core/Src/stm32f4xx_it.c.obj
                0x08001560                USART2_IRQHandler
 .text.USART3_IRQHandler
                0x080015e0       0x10 CMakeFiles/TwoWheelsCar_F407VG.elf.dir/Core/Src/stm32f4xx_it.c.obj
                0x080015e0                USART3_IRQHandler
 .text.DMA2_Stream2_IRQHandler
                0x080015f0       0x10 CMakeFiles/TwoWheelsCar_F407VG.elf.dir/Core/Src/stm32f4xx_it.c.obj
                0x080015f0                DMA2_Stream2_IRQHandler
 .text.DMA2_Stream7_IRQHandler
                0x08001600       0x10 CMakeFiles/TwoWheelsCar_F407VG.elf.dir/Core/Src/stm32f4xx_it.c.obj
                0x08001600                DMA2_Stream7_IRQHandler
 .text.HAL_UARTEx_RxEventCallback
                0x08001610       0x84 CMakeFiles/TwoWheelsCar_F407VG.elf.dir/Core/Src/stm32f4xx_it.c.obj
                0x08001610                HAL_UARTEx_RxEventCallback
 .text.HAL_UART_RxCpltCallback
                0x08001694       0x30 CMakeFiles/TwoWheelsCar_F407VG.elf.dir/Core/Src/stm32f4xx_it.c.obj
                0x08001694                HAL_UART_RxCpltCallback
 .text._sbrk    0x080016c4       0x48 CMakeFiles/TwoWheelsCar_F407VG.elf.dir/Core/Src/sysmem.c.obj
                0x080016c4                _sbrk
 .text.SystemInit
                0x0800170c       0x14 CMakeFiles/TwoWheelsCar_F407VG.elf.dir/Core/Src/system_stm32f4xx.c.obj
                0x0800170c                SystemInit
 .text.MX_TIM2_Init
                0x08001720       0x64 CMakeFiles/TwoWheelsCar_F407VG.elf.dir/Core/Src/tim.c.obj
                0x08001720                MX_TIM2_Init
 .text.MX_TIM3_Init
                0x08001784       0x64 CMakeFiles/TwoWheelsCar_F407VG.elf.dir/Core/Src/tim.c.obj
                0x08001784                MX_TIM3_Init
 .text.HAL_TIM_Encoder_MspInit
                0x080017e8       0xb4 CMakeFiles/TwoWheelsCar_F407VG.elf.dir/Core/Src/tim.c.obj
                0x080017e8                HAL_TIM_Encoder_MspInit
 .text.HAL_TIM_Base_MspInit
                0x0800189c       0x54 CMakeFiles/TwoWheelsCar_F407VG.elf.dir/Core/Src/tim.c.obj
                0x0800189c                HAL_TIM_Base_MspInit
 .text.HAL_TIM_MspPostInit
                0x080018f0       0x94 CMakeFiles/TwoWheelsCar_F407VG.elf.dir/Core/Src/tim.c.obj
                0x080018f0                HAL_TIM_MspPostInit
 .text.MX_TIM4_Init
                0x08001984       0xf0 CMakeFiles/TwoWheelsCar_F407VG.elf.dir/Core/Src/tim.c.obj
                0x08001984                MX_TIM4_Init
 .text.MX_TIM9_Init
                0x08001a74       0xa8 CMakeFiles/TwoWheelsCar_F407VG.elf.dir/Core/Src/tim.c.obj
                0x08001a74                MX_TIM9_Init
 .text.MX_UART4_Init
                0x08001b1c       0x34 CMakeFiles/TwoWheelsCar_F407VG.elf.dir/Core/Src/usart.c.obj
                0x08001b1c                MX_UART4_Init
 .text.MX_UART5_Init
                0x08001b50       0x34 CMakeFiles/TwoWheelsCar_F407VG.elf.dir/Core/Src/usart.c.obj
                0x08001b50                MX_UART5_Init
 .text.MX_USART1_UART_Init
                0x08001b84       0x6c CMakeFiles/TwoWheelsCar_F407VG.elf.dir/Core/Src/usart.c.obj
                0x08001b84                MX_USART1_UART_Init
 .text.MX_USART2_UART_Init
                0x08001bf0       0x6c CMakeFiles/TwoWheelsCar_F407VG.elf.dir/Core/Src/usart.c.obj
                0x08001bf0                MX_USART2_UART_Init
 .text.MX_USART3_UART_Init
                0x08001c5c       0x44 CMakeFiles/TwoWheelsCar_F407VG.elf.dir/Core/Src/usart.c.obj
                0x08001c5c                MX_USART3_UART_Init
 .text.MX_USART6_UART_Init
                0x08001ca0       0x34 CMakeFiles/TwoWheelsCar_F407VG.elf.dir/Core/Src/usart.c.obj
                0x08001ca0                MX_USART6_UART_Init
 .text.HAL_UART_MspInit
                0x08001cd4      0x37c CMakeFiles/TwoWheelsCar_F407VG.elf.dir/Core/Src/usart.c.obj
                0x08001cd4                HAL_UART_MspInit
 .text.Reset_Handler
                0x08002050       0x50 CMakeFiles/TwoWheelsCar_F407VG.elf.dir/Core/Startup/startup_stm32f407vgtx.s.obj
                0x08002050                Reset_Handler
 .text.Default_Handler
                0x080020a0        0x2 CMakeFiles/TwoWheelsCar_F407VG.elf.dir/Core/Startup/startup_stm32f407vgtx.s.obj
                0x080020a0                RTC_Alarm_IRQHandler
                0x080020a0                HASH_RNG_IRQHandler
                0x080020a0                EXTI2_IRQHandler
                0x080020a0                TIM8_CC_IRQHandler
                0x080020a0                TIM1_CC_IRQHandler
                0x080020a0                DMA2_Stream5_IRQHandler
                0x080020a0                PVD_IRQHandler
                0x080020a0                SDIO_IRQHandler
                0x080020a0                TAMP_STAMP_IRQHandler
                0x080020a0                CAN2_RX1_IRQHandler
                0x080020a0                EXTI3_IRQHandler
                0x080020a0                TIM8_TRG_COM_TIM14_IRQHandler
                0x080020a0                TIM8_UP_TIM13_IRQHandler
                0x080020a0                I2C3_ER_IRQHandler
                0x080020a0                EXTI0_IRQHandler
                0x080020a0                I2C2_EV_IRQHandler
                0x080020a0                DMA1_Stream2_IRQHandler
                0x080020a0                CAN1_RX0_IRQHandler
                0x080020a0                FPU_IRQHandler
                0x080020a0                OTG_HS_WKUP_IRQHandler
                0x080020a0                CAN2_SCE_IRQHandler
                0x080020a0                SPI1_IRQHandler
                0x080020a0                TIM6_DAC_IRQHandler
                0x080020a0                TIM1_BRK_TIM9_IRQHandler
                0x080020a0                DCMI_IRQHandler
                0x080020a0                CAN2_RX0_IRQHandler
                0x080020a0                DMA2_Stream3_IRQHandler
                0x080020a0                USART6_IRQHandler
                0x080020a0                CAN1_RX1_IRQHandler
                0x080020a0                UART5_IRQHandler
                0x080020a0                DMA2_Stream0_IRQHandler
                0x080020a0                TIM4_IRQHandler
                0x080020a0                I2C1_EV_IRQHandler
                0x080020a0                DMA1_Stream1_IRQHandler
                0x080020a0                UART4_IRQHandler
                0x080020a0                TIM3_IRQHandler
                0x080020a0                RCC_IRQHandler
                0x080020a0                TIM8_BRK_TIM12_IRQHandler
                0x080020a0                Default_Handler
                0x080020a0                EXTI15_10_IRQHandler
                0x080020a0                ADC_IRQHandler
                0x080020a0                DMA1_Stream7_IRQHandler
                0x080020a0                TIM7_IRQHandler
                0x080020a0                CAN2_TX_IRQHandler
                0x080020a0                TIM5_IRQHandler
                0x080020a0                I2C3_EV_IRQHandler
                0x080020a0                EXTI9_5_IRQHandler
                0x080020a0                RTC_WKUP_IRQHandler
                0x080020a0                ETH_WKUP_IRQHandler
                0x080020a0                SPI2_IRQHandler
                0x080020a0                OTG_HS_EP1_IN_IRQHandler
                0x080020a0                DMA1_Stream0_IRQHandler
                0x080020a0                CAN1_TX_IRQHandler
                0x080020a0                EXTI4_IRQHandler
                0x080020a0                FSMC_IRQHandler
                0x080020a0                ETH_IRQHandler
                0x080020a0                OTG_HS_EP1_OUT_IRQHandler
                0x080020a0                WWDG_IRQHandler
                0x080020a0                TIM2_IRQHandler
                0x080020a0                OTG_FS_WKUP_IRQHandler
                0x080020a0                TIM1_TRG_COM_TIM11_IRQHandler
                0x080020a0                OTG_HS_IRQHandler
                0x080020a0                EXTI1_IRQHandler
                0x080020a0                I2C2_ER_IRQHandler
                0x080020a0                DMA2_Stream1_IRQHandler
                0x080020a0                CAN1_SCE_IRQHandler
                0x080020a0                FLASH_IRQHandler
                0x080020a0                DMA2_Stream4_IRQHandler
                0x080020a0                OTG_FS_IRQHandler
                0x080020a0                SPI3_IRQHandler
                0x080020a0                DMA1_Stream4_IRQHandler
                0x080020a0                I2C1_ER_IRQHandler
                0x080020a0                DMA2_Stream6_IRQHandler
                0x080020a0                DMA1_Stream3_IRQHandler
 *fill*         0x080020a2        0x2 
 .text.HAL_Init
                0x080020a4       0x34 CMakeFiles/TwoWheelsCar_F407VG.elf.dir/Drivers/STM32F4xx_HAL_Driver/Src/stm32f4xx_hal.c.obj
                0x080020a4                HAL_Init
 .text.HAL_IncTick
                0x080020d8       0x18 CMakeFiles/TwoWheelsCar_F407VG.elf.dir/Drivers/STM32F4xx_HAL_Driver/Src/stm32f4xx_hal.c.obj
                0x080020d8                HAL_IncTick
 .text.HAL_GetTick
                0x080020f0        0xc CMakeFiles/TwoWheelsCar_F407VG.elf.dir/Drivers/STM32F4xx_HAL_Driver/Src/stm32f4xx_hal.c.obj
                0x080020f0                HAL_GetTick
 .text.HAL_NVIC_SetPriorityGrouping
                0x080020fc       0x24 CMakeFiles/TwoWheelsCar_F407VG.elf.dir/Drivers/STM32F4xx_HAL_Driver/Src/stm32f4xx_hal_cortex.c.obj
                0x080020fc                HAL_NVIC_SetPriorityGrouping
 .text.HAL_NVIC_SetPriority
                0x08002120       0x70 CMakeFiles/TwoWheelsCar_F407VG.elf.dir/Drivers/STM32F4xx_HAL_Driver/Src/stm32f4xx_hal_cortex.c.obj
                0x08002120                HAL_NVIC_SetPriority
 .text.HAL_NVIC_EnableIRQ
                0x08002190       0x1c CMakeFiles/TwoWheelsCar_F407VG.elf.dir/Drivers/STM32F4xx_HAL_Driver/Src/stm32f4xx_hal_cortex.c.obj
                0x08002190                HAL_NVIC_EnableIRQ
 .text.DMA_SetConfig
                0x080021ac       0x2c CMakeFiles/TwoWheelsCar_F407VG.elf.dir/Drivers/STM32F4xx_HAL_Driver/Src/stm32f4xx_hal_dma.c.obj
 .text.DMA_CalcBaseAndBitshift
                0x080021d8       0x44 CMakeFiles/TwoWheelsCar_F407VG.elf.dir/Drivers/STM32F4xx_HAL_Driver/Src/stm32f4xx_hal_dma.c.obj
 .text.DMA_CheckFifoParam
                0x0800221c       0x8e CMakeFiles/TwoWheelsCar_F407VG.elf.dir/Drivers/STM32F4xx_HAL_Driver/Src/stm32f4xx_hal_dma.c.obj
 *fill*         0x080022aa        0x2 
 .text.HAL_DMA_Init
                0x080022ac       0xcc CMakeFiles/TwoWheelsCar_F407VG.elf.dir/Drivers/STM32F4xx_HAL_Driver/Src/stm32f4xx_hal_dma.c.obj
                0x080022ac                HAL_DMA_Init
 .text.HAL_DMA_Start_IT
                0x08002378       0x6a CMakeFiles/TwoWheelsCar_F407VG.elf.dir/Drivers/STM32F4xx_HAL_Driver/Src/stm32f4xx_hal_dma.c.obj
                0x08002378                HAL_DMA_Start_IT
 .text.HAL_DMA_Abort
                0x080023e2       0x94 CMakeFiles/TwoWheelsCar_F407VG.elf.dir/Drivers/STM32F4xx_HAL_Driver/Src/stm32f4xx_hal_dma.c.obj
                0x080023e2                HAL_DMA_Abort
 .text.HAL_DMA_Abort_IT
                0x08002476       0x26 CMakeFiles/TwoWheelsCar_F407VG.elf.dir/Drivers/STM32F4xx_HAL_Driver/Src/stm32f4xx_hal_dma.c.obj
                0x08002476                HAL_DMA_Abort_IT
 .text.HAL_DMA_IRQHandler
                0x0800249c      0x1dc CMakeFiles/TwoWheelsCar_F407VG.elf.dir/Drivers/STM32F4xx_HAL_Driver/Src/stm32f4xx_hal_dma.c.obj
                0x0800249c                HAL_DMA_IRQHandler
 .text.HAL_DMA_GetError
                0x08002678        0x4 CMakeFiles/TwoWheelsCar_F407VG.elf.dir/Drivers/STM32F4xx_HAL_Driver/Src/stm32f4xx_hal_dma.c.obj
                0x08002678                HAL_DMA_GetError
 .text.HAL_GPIO_Init
                0x0800267c      0x1e4 CMakeFiles/TwoWheelsCar_F407VG.elf.dir/Drivers/STM32F4xx_HAL_Driver/Src/stm32f4xx_hal_gpio.c.obj
                0x0800267c                HAL_GPIO_Init
 .text.HAL_GPIO_ReadPin
                0x08002860        0xe CMakeFiles/TwoWheelsCar_F407VG.elf.dir/Drivers/STM32F4xx_HAL_Driver/Src/stm32f4xx_hal_gpio.c.obj
                0x08002860                HAL_GPIO_ReadPin
 .text.HAL_GPIO_WritePin
                0x0800286e        0xc CMakeFiles/TwoWheelsCar_F407VG.elf.dir/Drivers/STM32F4xx_HAL_Driver/Src/stm32f4xx_hal_gpio.c.obj
                0x0800286e                HAL_GPIO_WritePin
 .text.HAL_GPIO_TogglePin
                0x0800287a       0x12 CMakeFiles/TwoWheelsCar_F407VG.elf.dir/Drivers/STM32F4xx_HAL_Driver/Src/stm32f4xx_hal_gpio.c.obj
                0x0800287a                HAL_GPIO_TogglePin
 .text.HAL_I2C_Init
                0x0800288c      0x1bc CMakeFiles/TwoWheelsCar_F407VG.elf.dir/Drivers/STM32F4xx_HAL_Driver/Src/stm32f4xx_hal_i2c.c.obj
                0x0800288c                HAL_I2C_Init
 .text.HAL_RCC_OscConfig
                0x08002a48      0x3f8 CMakeFiles/TwoWheelsCar_F407VG.elf.dir/Drivers/STM32F4xx_HAL_Driver/Src/stm32f4xx_hal_rcc.c.obj
                0x08002a48                HAL_RCC_OscConfig
 .text.HAL_RCC_GetSysClockFreq
                0x08002e40       0xd4 CMakeFiles/TwoWheelsCar_F407VG.elf.dir/Drivers/STM32F4xx_HAL_Driver/Src/stm32f4xx_hal_rcc.c.obj
                0x08002e40                HAL_RCC_GetSysClockFreq
 .text.HAL_RCC_ClockConfig
                0x08002f14      0x160 CMakeFiles/TwoWheelsCar_F407VG.elf.dir/Drivers/STM32F4xx_HAL_Driver/Src/stm32f4xx_hal_rcc.c.obj
                0x08002f14                HAL_RCC_ClockConfig
 .text.HAL_RCC_GetHCLKFreq
                0x08003074        0xc CMakeFiles/TwoWheelsCar_F407VG.elf.dir/Drivers/STM32F4xx_HAL_Driver/Src/stm32f4xx_hal_rcc.c.obj
                0x08003074                HAL_RCC_GetHCLKFreq
 .text.HAL_RCC_GetPCLK1Freq
                0x08003080       0x20 CMakeFiles/TwoWheelsCar_F407VG.elf.dir/Drivers/STM32F4xx_HAL_Driver/Src/stm32f4xx_hal_rcc.c.obj
                0x08003080                HAL_RCC_GetPCLK1Freq
 .text.HAL_RCC_GetPCLK2Freq
                0x080030a0       0x20 CMakeFiles/TwoWheelsCar_F407VG.elf.dir/Drivers/STM32F4xx_HAL_Driver/Src/stm32f4xx_hal_rcc.c.obj
                0x080030a0                HAL_RCC_GetPCLK2Freq
 .text.HAL_RCC_GetClockConfig
                0x080030c0       0x3c CMakeFiles/TwoWheelsCar_F407VG.elf.dir/Drivers/STM32F4xx_HAL_Driver/Src/stm32f4xx_hal_rcc.c.obj
                0x080030c0                HAL_RCC_GetClockConfig
 .text.TIM_OC1_SetConfig
                0x080030fc       0x68 CMakeFiles/TwoWheelsCar_F407VG.elf.dir/Drivers/STM32F4xx_HAL_Driver/Src/stm32f4xx_hal_tim.c.obj
 .text.TIM_OC3_SetConfig
                0x08003164       0x70 CMakeFiles/TwoWheelsCar_F407VG.elf.dir/Drivers/STM32F4xx_HAL_Driver/Src/stm32f4xx_hal_tim.c.obj
 .text.TIM_OC4_SetConfig
                0x080031d4       0x50 CMakeFiles/TwoWheelsCar_F407VG.elf.dir/Drivers/STM32F4xx_HAL_Driver/Src/stm32f4xx_hal_tim.c.obj
 .text.TIM_TI1_ConfigInputStage
                0x08003224       0x26 CMakeFiles/TwoWheelsCar_F407VG.elf.dir/Drivers/STM32F4xx_HAL_Driver/Src/stm32f4xx_hal_tim.c.obj
 .text.TIM_TI2_ConfigInputStage
                0x0800324a       0x28 CMakeFiles/TwoWheelsCar_F407VG.elf.dir/Drivers/STM32F4xx_HAL_Driver/Src/stm32f4xx_hal_tim.c.obj
 .text.TIM_ITRx_SetConfig
                0x08003272       0x10 CMakeFiles/TwoWheelsCar_F407VG.elf.dir/Drivers/STM32F4xx_HAL_Driver/Src/stm32f4xx_hal_tim.c.obj
 *fill*         0x08003282        0x2 
 .text.HAL_TIM_Base_Start_IT
                0x08003284       0x88 CMakeFiles/TwoWheelsCar_F407VG.elf.dir/Drivers/STM32F4xx_HAL_Driver/Src/stm32f4xx_hal_tim.c.obj
                0x08003284                HAL_TIM_Base_Start_IT
 .text.HAL_TIM_OC_MspInit
                0x0800330c        0x2 CMakeFiles/TwoWheelsCar_F407VG.elf.dir/Drivers/STM32F4xx_HAL_Driver/Src/stm32f4xx_hal_tim.c.obj
                0x0800330c                HAL_TIM_OC_MspInit
 .text.HAL_TIM_PWM_MspInit
                0x0800330e        0x2 CMakeFiles/TwoWheelsCar_F407VG.elf.dir/Drivers/STM32F4xx_HAL_Driver/Src/stm32f4xx_hal_tim.c.obj
                0x0800330e                HAL_TIM_PWM_MspInit
 .text.HAL_TIM_OC_DelayElapsedCallback
                0x08003310        0x2 CMakeFiles/TwoWheelsCar_F407VG.elf.dir/Drivers/STM32F4xx_HAL_Driver/Src/stm32f4xx_hal_tim.c.obj
                0x08003310                HAL_TIM_OC_DelayElapsedCallback
 .text.HAL_TIM_IC_CaptureCallback
                0x08003312        0x2 CMakeFiles/TwoWheelsCar_F407VG.elf.dir/Drivers/STM32F4xx_HAL_Driver/Src/stm32f4xx_hal_tim.c.obj
                0x08003312                HAL_TIM_IC_CaptureCallback
 .text.HAL_TIM_PWM_PulseFinishedCallback
                0x08003314        0x2 CMakeFiles/TwoWheelsCar_F407VG.elf.dir/Drivers/STM32F4xx_HAL_Driver/Src/stm32f4xx_hal_tim.c.obj
                0x08003314                HAL_TIM_PWM_PulseFinishedCallback
 .text.HAL_TIM_TriggerCallback
                0x08003316        0x2 CMakeFiles/TwoWheelsCar_F407VG.elf.dir/Drivers/STM32F4xx_HAL_Driver/Src/stm32f4xx_hal_tim.c.obj
                0x08003316                HAL_TIM_TriggerCallback
 .text.HAL_TIM_IRQHandler
                0x08003318      0x15e CMakeFiles/TwoWheelsCar_F407VG.elf.dir/Drivers/STM32F4xx_HAL_Driver/Src/stm32f4xx_hal_tim.c.obj
                0x08003318                HAL_TIM_IRQHandler
 *fill*         0x08003476        0x2 
 .text.TIM_Base_SetConfig
                0x08003478       0xd8 CMakeFiles/TwoWheelsCar_F407VG.elf.dir/Drivers/STM32F4xx_HAL_Driver/Src/stm32f4xx_hal_tim.c.obj
                0x08003478                TIM_Base_SetConfig
 .text.HAL_TIM_Base_Init
                0x08003550       0x58 CMakeFiles/TwoWheelsCar_F407VG.elf.dir/Drivers/STM32F4xx_HAL_Driver/Src/stm32f4xx_hal_tim.c.obj
                0x08003550                HAL_TIM_Base_Init
 .text.HAL_TIM_OC_Init
                0x080035a8       0x58 CMakeFiles/TwoWheelsCar_F407VG.elf.dir/Drivers/STM32F4xx_HAL_Driver/Src/stm32f4xx_hal_tim.c.obj
                0x080035a8                HAL_TIM_OC_Init
 .text.HAL_TIM_PWM_Init
                0x08003600       0x58 CMakeFiles/TwoWheelsCar_F407VG.elf.dir/Drivers/STM32F4xx_HAL_Driver/Src/stm32f4xx_hal_tim.c.obj
                0x08003600                HAL_TIM_PWM_Init
 .text.HAL_TIM_Encoder_Init
                0x08003658       0xb6 CMakeFiles/TwoWheelsCar_F407VG.elf.dir/Drivers/STM32F4xx_HAL_Driver/Src/stm32f4xx_hal_tim.c.obj
                0x08003658                HAL_TIM_Encoder_Init
 *fill*         0x0800370e        0x2 
 .text.TIM_OC2_SetConfig
                0x08003710       0x70 CMakeFiles/TwoWheelsCar_F407VG.elf.dir/Drivers/STM32F4xx_HAL_Driver/Src/stm32f4xx_hal_tim.c.obj
                0x08003710                TIM_OC2_SetConfig
 .text.HAL_TIM_OC_ConfigChannel
                0x08003780       0x5e CMakeFiles/TwoWheelsCar_F407VG.elf.dir/Drivers/STM32F4xx_HAL_Driver/Src/stm32f4xx_hal_tim.c.obj
                0x08003780                HAL_TIM_OC_ConfigChannel
 .text.HAL_TIM_PWM_ConfigChannel
                0x080037de       0xdc CMakeFiles/TwoWheelsCar_F407VG.elf.dir/Drivers/STM32F4xx_HAL_Driver/Src/stm32f4xx_hal_tim.c.obj
                0x080037de                HAL_TIM_PWM_ConfigChannel
 .text.TIM_ETR_SetConfig
                0x080038ba       0x1a CMakeFiles/TwoWheelsCar_F407VG.elf.dir/Drivers/STM32F4xx_HAL_Driver/Src/stm32f4xx_hal_tim.c.obj
                0x080038ba                TIM_ETR_SetConfig
 .text.HAL_TIM_ConfigClockSource
                0x080038d4       0xfe CMakeFiles/TwoWheelsCar_F407VG.elf.dir/Drivers/STM32F4xx_HAL_Driver/Src/stm32f4xx_hal_tim.c.obj
                0x080038d4                HAL_TIM_ConfigClockSource
 .text.TIM_CCxChannelCmd
                0x080039d2       0x1e CMakeFiles/TwoWheelsCar_F407VG.elf.dir/Drivers/STM32F4xx_HAL_Driver/Src/stm32f4xx_hal_tim.c.obj
                0x080039d2                TIM_CCxChannelCmd
 .text.HAL_TIM_PWM_Start
                0x080039f0      0x104 CMakeFiles/TwoWheelsCar_F407VG.elf.dir/Drivers/STM32F4xx_HAL_Driver/Src/stm32f4xx_hal_tim.c.obj
                0x080039f0                HAL_TIM_PWM_Start
 .text.HAL_TIM_Encoder_Start
                0x08003af4       0xcc CMakeFiles/TwoWheelsCar_F407VG.elf.dir/Drivers/STM32F4xx_HAL_Driver/Src/stm32f4xx_hal_tim.c.obj
                0x08003af4                HAL_TIM_Encoder_Start
 .text.HAL_TIMEx_MasterConfigSynchronization
                0x08003bc0       0x8c CMakeFiles/TwoWheelsCar_F407VG.elf.dir/Drivers/STM32F4xx_HAL_Driver/Src/stm32f4xx_hal_tim_ex.c.obj
                0x08003bc0                HAL_TIMEx_MasterConfigSynchronization
 .text.HAL_TIMEx_CommutCallback
                0x08003c4c        0x2 CMakeFiles/TwoWheelsCar_F407VG.elf.dir/Drivers/STM32F4xx_HAL_Driver/Src/stm32f4xx_hal_tim_ex.c.obj
                0x08003c4c                HAL_TIMEx_CommutCallback
 .text.HAL_TIMEx_BreakCallback
                0x08003c4e        0x2 CMakeFiles/TwoWheelsCar_F407VG.elf.dir/Drivers/STM32F4xx_HAL_Driver/Src/stm32f4xx_hal_tim_ex.c.obj
                0x08003c4e                HAL_TIMEx_BreakCallback
 .text.UART_EndTxTransfer
                0x08003c50       0x20 CMakeFiles/TwoWheelsCar_F407VG.elf.dir/Drivers/STM32F4xx_HAL_Driver/Src/stm32f4xx_hal_uart.c.obj
 .text.UART_EndRxTransfer
                0x08003c70       0x5c CMakeFiles/TwoWheelsCar_F407VG.elf.dir/Drivers/STM32F4xx_HAL_Driver/Src/stm32f4xx_hal_uart.c.obj
 .text.UART_Transmit_IT
                0x08003ccc       0x60 CMakeFiles/TwoWheelsCar_F407VG.elf.dir/Drivers/STM32F4xx_HAL_Driver/Src/stm32f4xx_hal_uart.c.obj
 .text.UART_SetConfig
                0x08003d2c      0x110 CMakeFiles/TwoWheelsCar_F407VG.elf.dir/Drivers/STM32F4xx_HAL_Driver/Src/stm32f4xx_hal_uart.c.obj
 .text.HAL_UART_Init
                0x08003e3c       0x60 CMakeFiles/TwoWheelsCar_F407VG.elf.dir/Drivers/STM32F4xx_HAL_Driver/Src/stm32f4xx_hal_uart.c.obj
                0x08003e3c                HAL_UART_Init
 .text.HAL_UART_Transmit_DMA
                0x08003e9c       0x84 CMakeFiles/TwoWheelsCar_F407VG.elf.dir/Drivers/STM32F4xx_HAL_Driver/Src/stm32f4xx_hal_uart.c.obj
                0x08003e9c                HAL_UART_Transmit_DMA
 .text.HAL_UART_DMAStop
                0x08003f20       0x84 CMakeFiles/TwoWheelsCar_F407VG.elf.dir/Drivers/STM32F4xx_HAL_Driver/Src/stm32f4xx_hal_uart.c.obj
                0x08003f20                HAL_UART_DMAStop
 .text.HAL_UART_AbortReceive
                0x08003fa4       0xa6 CMakeFiles/TwoWheelsCar_F407VG.elf.dir/Drivers/STM32F4xx_HAL_Driver/Src/stm32f4xx_hal_uart.c.obj
                0x08003fa4                HAL_UART_AbortReceive
 .text.HAL_UART_TxCpltCallback
                0x0800404a        0x2 CMakeFiles/TwoWheelsCar_F407VG.elf.dir/Drivers/STM32F4xx_HAL_Driver/Src/stm32f4xx_hal_uart.c.obj
                0x0800404a                HAL_UART_TxCpltCallback
 .text.UART_DMATransmitCplt
                0x0800404c       0x4c CMakeFiles/TwoWheelsCar_F407VG.elf.dir/Drivers/STM32F4xx_HAL_Driver/Src/stm32f4xx_hal_uart.c.obj
 .text.UART_EndTransmit_IT
                0x08004098       0x1a CMakeFiles/TwoWheelsCar_F407VG.elf.dir/Drivers/STM32F4xx_HAL_Driver/Src/stm32f4xx_hal_uart.c.obj
 .text.HAL_UART_TxHalfCpltCallback
                0x080040b2        0x2 CMakeFiles/TwoWheelsCar_F407VG.elf.dir/Drivers/STM32F4xx_HAL_Driver/Src/stm32f4xx_hal_uart.c.obj
                0x080040b2                HAL_UART_TxHalfCpltCallback
 .text.UART_DMATxHalfCplt
                0x080040b4        0xa CMakeFiles/TwoWheelsCar_F407VG.elf.dir/Drivers/STM32F4xx_HAL_Driver/Src/stm32f4xx_hal_uart.c.obj
 .text.HAL_UART_RxHalfCpltCallback
                0x080040be        0x2 CMakeFiles/TwoWheelsCar_F407VG.elf.dir/Drivers/STM32F4xx_HAL_Driver/Src/stm32f4xx_hal_uart.c.obj
                0x080040be                HAL_UART_RxHalfCpltCallback
 .text.HAL_UART_ErrorCallback
                0x080040c0        0x2 CMakeFiles/TwoWheelsCar_F407VG.elf.dir/Drivers/STM32F4xx_HAL_Driver/Src/stm32f4xx_hal_uart.c.obj
                0x080040c0                HAL_UART_ErrorCallback
 .text.UART_DMAError
                0x080040c2       0x58 CMakeFiles/TwoWheelsCar_F407VG.elf.dir/Drivers/STM32F4xx_HAL_Driver/Src/stm32f4xx_hal_uart.c.obj
 .text.UART_DMAAbortOnError
                0x0800411a       0x10 CMakeFiles/TwoWheelsCar_F407VG.elf.dir/Drivers/STM32F4xx_HAL_Driver/Src/stm32f4xx_hal_uart.c.obj
 .text.UART_Receive_IT
                0x0800412a       0xe6 CMakeFiles/TwoWheelsCar_F407VG.elf.dir/Drivers/STM32F4xx_HAL_Driver/Src/stm32f4xx_hal_uart.c.obj
 .text.HAL_UART_IRQHandler
                0x08004210      0x288 CMakeFiles/TwoWheelsCar_F407VG.elf.dir/Drivers/STM32F4xx_HAL_Driver/Src/stm32f4xx_hal_uart.c.obj
                0x08004210                HAL_UART_IRQHandler
 .text.UART_DMARxHalfCplt
                0x08004498       0x1e CMakeFiles/TwoWheelsCar_F407VG.elf.dir/Drivers/STM32F4xx_HAL_Driver/Src/stm32f4xx_hal_uart.c.obj
 .text.UART_DMAReceiveCplt
                0x080044b6       0x9a CMakeFiles/TwoWheelsCar_F407VG.elf.dir/Drivers/STM32F4xx_HAL_Driver/Src/stm32f4xx_hal_uart.c.obj
 .text.UART_Start_Receive_IT
                0x08004550       0x36 CMakeFiles/TwoWheelsCar_F407VG.elf.dir/Drivers/STM32F4xx_HAL_Driver/Src/stm32f4xx_hal_uart.c.obj
                0x08004550                UART_Start_Receive_IT
 .text.HAL_UART_Receive_IT
                0x08004586       0x26 CMakeFiles/TwoWheelsCar_F407VG.elf.dir/Drivers/STM32F4xx_HAL_Driver/Src/stm32f4xx_hal_uart.c.obj
                0x08004586                HAL_UART_Receive_IT
 .text.UART_Start_Receive_DMA
                0x080045ac       0xa4 CMakeFiles/TwoWheelsCar_F407VG.elf.dir/Drivers/STM32F4xx_HAL_Driver/Src/stm32f4xx_hal_uart.c.obj
                0x080045ac                UART_Start_Receive_DMA
 .text.HAL_UART_Receive_DMA
                0x08004650       0x26 CMakeFiles/TwoWheelsCar_F407VG.elf.dir/Drivers/STM32F4xx_HAL_Driver/Src/stm32f4xx_hal_uart.c.obj
                0x08004650                HAL_UART_Receive_DMA
 .text.HAL_UARTEx_ReceiveToIdle_DMA
                0x08004676       0x66 CMakeFiles/TwoWheelsCar_F407VG.elf.dir/Drivers/STM32F4xx_HAL_Driver/Src/stm32f4xx_hal_uart.c.obj
                0x08004676                HAL_UARTEx_ReceiveToIdle_DMA
 .text.makeFreeRtosPriority
                0x080046dc        0xc CMakeFiles/TwoWheelsCar_F407VG.elf.dir/Middlewares/Third_Party/FreeRTOS/Source/CMSIS_RTOS/cmsis_os.c.obj
 .text.inHandlerMode
                0x080046e8        0xc CMakeFiles/TwoWheelsCar_F407VG.elf.dir/Middlewares/Third_Party/FreeRTOS/Source/CMSIS_RTOS/cmsis_os.c.obj
 .text.osKernelStart
                0x080046f4        0xa CMakeFiles/TwoWheelsCar_F407VG.elf.dir/Middlewares/Third_Party/FreeRTOS/Source/CMSIS_RTOS/cmsis_os.c.obj
                0x080046f4                osKernelStart
 .text.osThreadCreate
                0x080046fe       0x6a CMakeFiles/TwoWheelsCar_F407VG.elf.dir/Middlewares/Third_Party/FreeRTOS/Source/CMSIS_RTOS/cmsis_os.c.obj
                0x080046fe                osThreadCreate
 .text.osDelay  0x08004768        0xe CMakeFiles/TwoWheelsCar_F407VG.elf.dir/Middlewares/Third_Party/FreeRTOS/Source/CMSIS_RTOS/cmsis_os.c.obj
                0x08004768                osDelay
 *fill*         0x08004776        0x2 
 .text.osTimerCreate
                0x08004778       0x44 CMakeFiles/TwoWheelsCar_F407VG.elf.dir/Middlewares/Third_Party/FreeRTOS/Source/CMSIS_RTOS/cmsis_os.c.obj
                0x08004778                osTimerCreate
 .text.osTimerStart
                0x080047bc       0x6a CMakeFiles/TwoWheelsCar_F407VG.elf.dir/Middlewares/Third_Party/FreeRTOS/Source/CMSIS_RTOS/cmsis_os.c.obj
                0x080047bc                osTimerStart
 .text.prvTestWaitCondition
                0x08004826       0x1c CMakeFiles/TwoWheelsCar_F407VG.elf.dir/Middlewares/Third_Party/FreeRTOS/Source/event_groups.c.obj
 .text.xEventGroupCreate
                0x08004842       0x1c CMakeFiles/TwoWheelsCar_F407VG.elf.dir/Middlewares/Third_Party/FreeRTOS/Source/event_groups.c.obj
                0x08004842                xEventGroupCreate
 .text.xEventGroupWaitBits
                0x0800485e      0x108 CMakeFiles/TwoWheelsCar_F407VG.elf.dir/Middlewares/Third_Party/FreeRTOS/Source/event_groups.c.obj
                0x0800485e                xEventGroupWaitBits
 .text.xEventGroupSetBits
                0x08004966       0x8c CMakeFiles/TwoWheelsCar_F407VG.elf.dir/Middlewares/Third_Party/FreeRTOS/Source/event_groups.c.obj
                0x08004966                xEventGroupSetBits
 .text.vListInitialise
                0x080049f2       0x16 CMakeFiles/TwoWheelsCar_F407VG.elf.dir/Middlewares/Third_Party/FreeRTOS/Source/list.c.obj
                0x080049f2                vListInitialise
 .text.vListInitialiseItem
                0x08004a08        0x6 CMakeFiles/TwoWheelsCar_F407VG.elf.dir/Middlewares/Third_Party/FreeRTOS/Source/list.c.obj
                0x08004a08                vListInitialiseItem
 .text.vListInsertEnd
                0x08004a0e       0x16 CMakeFiles/TwoWheelsCar_F407VG.elf.dir/Middlewares/Third_Party/FreeRTOS/Source/list.c.obj
                0x08004a0e                vListInsertEnd
 .text.vListInsert
                0x08004a24       0x32 CMakeFiles/TwoWheelsCar_F407VG.elf.dir/Middlewares/Third_Party/FreeRTOS/Source/list.c.obj
                0x08004a24                vListInsert
 .text.uxListRemove
                0x08004a56       0x26 CMakeFiles/TwoWheelsCar_F407VG.elf.dir/Middlewares/Third_Party/FreeRTOS/Source/list.c.obj
                0x08004a56                uxListRemove
 .text.prvTaskExitError
                0x08004a7c       0x40 CMakeFiles/TwoWheelsCar_F407VG.elf.dir/Middlewares/Third_Party/FreeRTOS/Source/portable/GCC/ARM_CM4F/port.c.obj
 .text.prvPortStartFirstTask
                0x08004abc       0x28 CMakeFiles/TwoWheelsCar_F407VG.elf.dir/Middlewares/Third_Party/FreeRTOS/Source/portable/GCC/ARM_CM4F/port.c.obj
 .text.vPortEnableVFP
                0x08004ae4       0x14 CMakeFiles/TwoWheelsCar_F407VG.elf.dir/Middlewares/Third_Party/FreeRTOS/Source/portable/GCC/ARM_CM4F/port.c.obj
 .text.pxPortInitialiseStack
                0x08004af8       0x2c CMakeFiles/TwoWheelsCar_F407VG.elf.dir/Middlewares/Third_Party/FreeRTOS/Source/portable/GCC/ARM_CM4F/port.c.obj
                0x08004af8                pxPortInitialiseStack
 *fill*         0x08004b24        0xc 
 .text.SVC_Handler
                0x08004b30       0x24 CMakeFiles/TwoWheelsCar_F407VG.elf.dir/Middlewares/Third_Party/FreeRTOS/Source/portable/GCC/ARM_CM4F/port.c.obj
                0x08004b30                SVC_Handler
 .text.vPortEnterCritical
                0x08004b54       0x44 CMakeFiles/TwoWheelsCar_F407VG.elf.dir/Middlewares/Third_Party/FreeRTOS/Source/portable/GCC/ARM_CM4F/port.c.obj
                0x08004b54                vPortEnterCritical
 .text.vPortExitCritical
                0x08004b98       0x2c CMakeFiles/TwoWheelsCar_F407VG.elf.dir/Middlewares/Third_Party/FreeRTOS/Source/portable/GCC/ARM_CM4F/port.c.obj
                0x08004b98                vPortExitCritical
 *fill*         0x08004bc4        0xc 
 .text.PendSV_Handler
                0x08004bd0       0x64 CMakeFiles/TwoWheelsCar_F407VG.elf.dir/Middlewares/Third_Party/FreeRTOS/Source/portable/GCC/ARM_CM4F/port.c.obj
                0x08004bd0                PendSV_Handler
 .text.SysTick_Handler
                0x08004c34       0x2c CMakeFiles/TwoWheelsCar_F407VG.elf.dir/Middlewares/Third_Party/FreeRTOS/Source/portable/GCC/ARM_CM4F/port.c.obj
                0x08004c34                SysTick_Handler
 .text.vPortSetupTimerInterrupt
                0x08004c60       0x28 CMakeFiles/TwoWheelsCar_F407VG.elf.dir/Middlewares/Third_Party/FreeRTOS/Source/portable/GCC/ARM_CM4F/port.c.obj
                0x08004c60                vPortSetupTimerInterrupt
 .text.xPortStartScheduler
                0x08004c88      0x118 CMakeFiles/TwoWheelsCar_F407VG.elf.dir/Middlewares/Third_Party/FreeRTOS/Source/portable/GCC/ARM_CM4F/port.c.obj
                0x08004c88                xPortStartScheduler
 .text.vPortValidateInterruptPriority
                0x08004da0       0x5c CMakeFiles/TwoWheelsCar_F407VG.elf.dir/Middlewares/Third_Party/FreeRTOS/Source/portable/GCC/ARM_CM4F/port.c.obj
                0x08004da0                vPortValidateInterruptPriority
 .text.prvHeapInit
                0x08004dfc       0x64 CMakeFiles/TwoWheelsCar_F407VG.elf.dir/Middlewares/Third_Party/FreeRTOS/Source/portable/MemMang/heap_4.c.obj
 .text.prvInsertBlockIntoFreeList
                0x08004e60       0x64 CMakeFiles/TwoWheelsCar_F407VG.elf.dir/Middlewares/Third_Party/FreeRTOS/Source/portable/MemMang/heap_4.c.obj
 .text.pvPortMalloc
                0x08004ec4       0xfc CMakeFiles/TwoWheelsCar_F407VG.elf.dir/Middlewares/Third_Party/FreeRTOS/Source/portable/MemMang/heap_4.c.obj
                0x08004ec4                pvPortMalloc
 .text.vPortFree
                0x08004fc0       0x7c CMakeFiles/TwoWheelsCar_F407VG.elf.dir/Middlewares/Third_Party/FreeRTOS/Source/portable/MemMang/heap_4.c.obj
                0x08004fc0                vPortFree
 .text.prvIsQueueFull
                0x0800503c       0x1e CMakeFiles/TwoWheelsCar_F407VG.elf.dir/Middlewares/Third_Party/FreeRTOS/Source/queue.c.obj
 .text.prvIsQueueEmpty
                0x0800505a       0x1a CMakeFiles/TwoWheelsCar_F407VG.elf.dir/Middlewares/Third_Party/FreeRTOS/Source/queue.c.obj
 .text.prvCopyDataToQueue
                0x08005074       0x76 CMakeFiles/TwoWheelsCar_F407VG.elf.dir/Middlewares/Third_Party/FreeRTOS/Source/queue.c.obj
 .text.prvCopyDataFromQueue
                0x080050ea       0x24 CMakeFiles/TwoWheelsCar_F407VG.elf.dir/Middlewares/Third_Party/FreeRTOS/Source/queue.c.obj
 .text.prvUnlockQueue
                0x0800510e       0x6e CMakeFiles/TwoWheelsCar_F407VG.elf.dir/Middlewares/Third_Party/FreeRTOS/Source/queue.c.obj
 .text.xQueueGenericReset
                0x0800517c       0x84 CMakeFiles/TwoWheelsCar_F407VG.elf.dir/Middlewares/Third_Party/FreeRTOS/Source/queue.c.obj
                0x0800517c                xQueueGenericReset
 .text.prvInitialiseNewQueue
                0x08005200       0x1c CMakeFiles/TwoWheelsCar_F407VG.elf.dir/Middlewares/Third_Party/FreeRTOS/Source/queue.c.obj
 .text.xQueueGenericCreateStatic
                0x0800521c       0x94 CMakeFiles/TwoWheelsCar_F407VG.elf.dir/Middlewares/Third_Party/FreeRTOS/Source/queue.c.obj
                0x0800521c                xQueueGenericCreateStatic
 .text.xQueueGenericSend
                0x080052b0      0x188 CMakeFiles/TwoWheelsCar_F407VG.elf.dir/Middlewares/Third_Party/FreeRTOS/Source/queue.c.obj
                0x080052b0                xQueueGenericSend
 .text.xQueueGenericSendFromISR
                0x08005438       0xce CMakeFiles/TwoWheelsCar_F407VG.elf.dir/Middlewares/Third_Party/FreeRTOS/Source/queue.c.obj
                0x08005438                xQueueGenericSendFromISR
 .text.xQueueReceive
                0x08005506      0x15e CMakeFiles/TwoWheelsCar_F407VG.elf.dir/Middlewares/Third_Party/FreeRTOS/Source/queue.c.obj
                0x08005506                xQueueReceive
 .text.vQueueAddToRegistry
                0x08005664       0x28 CMakeFiles/TwoWheelsCar_F407VG.elf.dir/Middlewares/Third_Party/FreeRTOS/Source/queue.c.obj
                0x08005664                vQueueAddToRegistry
 .text.vQueueWaitForMessageRestricted
                0x0800568c       0x52 CMakeFiles/TwoWheelsCar_F407VG.elf.dir/Middlewares/Third_Party/FreeRTOS/Source/queue.c.obj
                0x0800568c                vQueueWaitForMessageRestricted
 *fill*         0x080056de        0x2 
 .text.prvResetNextTaskUnblockTime
                0x080056e0       0x2c CMakeFiles/TwoWheelsCar_F407VG.elf.dir/Middlewares/Third_Party/FreeRTOS/Source/tasks.c.obj
 .text.prvInitialiseNewTask
                0x0800570c       0xfe CMakeFiles/TwoWheelsCar_F407VG.elf.dir/Middlewares/Third_Party/FreeRTOS/Source/tasks.c.obj
 *fill*         0x0800580a        0x2 
 .text.prvInitialiseTaskLists
                0x0800580c       0x68 CMakeFiles/TwoWheelsCar_F407VG.elf.dir/Middlewares/Third_Party/FreeRTOS/Source/tasks.c.obj
 .text.prvAddNewTaskToReadyList
                0x08005874       0xa8 CMakeFiles/TwoWheelsCar_F407VG.elf.dir/Middlewares/Third_Party/FreeRTOS/Source/tasks.c.obj
 .text.prvDeleteTCB
                0x0800591c       0x40 CMakeFiles/TwoWheelsCar_F407VG.elf.dir/Middlewares/Third_Party/FreeRTOS/Source/tasks.c.obj
 .text.prvCheckTasksWaitingTermination
                0x0800595c       0x4c CMakeFiles/TwoWheelsCar_F407VG.elf.dir/Middlewares/Third_Party/FreeRTOS/Source/tasks.c.obj
 .text.prvIdleTask
                0x080059a8       0x28 CMakeFiles/TwoWheelsCar_F407VG.elf.dir/Middlewares/Third_Party/FreeRTOS/Source/tasks.c.obj
 .text.prvAddCurrentTaskToDelayedList
                0x080059d0       0x98 CMakeFiles/TwoWheelsCar_F407VG.elf.dir/Middlewares/Third_Party/FreeRTOS/Source/tasks.c.obj
 .text.xTaskCreateStatic
                0x08005a68       0x7a CMakeFiles/TwoWheelsCar_F407VG.elf.dir/Middlewares/Third_Party/FreeRTOS/Source/tasks.c.obj
                0x08005a68                xTaskCreateStatic
 .text.xTaskCreate
                0x08005ae2       0x6a CMakeFiles/TwoWheelsCar_F407VG.elf.dir/Middlewares/Third_Party/FreeRTOS/Source/tasks.c.obj
                0x08005ae2                xTaskCreate
 .text.vTaskStartScheduler
                0x08005b4c       0xac CMakeFiles/TwoWheelsCar_F407VG.elf.dir/Middlewares/Third_Party/FreeRTOS/Source/tasks.c.obj
                0x08005b4c                vTaskStartScheduler
 .text.vTaskSuspendAll
                0x08005bf8       0x10 CMakeFiles/TwoWheelsCar_F407VG.elf.dir/Middlewares/Third_Party/FreeRTOS/Source/tasks.c.obj
                0x08005bf8                vTaskSuspendAll
 .text.xTaskGetTickCount
                0x08005c08        0xc CMakeFiles/TwoWheelsCar_F407VG.elf.dir/Middlewares/Third_Party/FreeRTOS/Source/tasks.c.obj
                0x08005c08                xTaskGetTickCount
 .text.xTaskIncrementTick
                0x08005c14      0x118 CMakeFiles/TwoWheelsCar_F407VG.elf.dir/Middlewares/Third_Party/FreeRTOS/Source/tasks.c.obj
                0x08005c14                xTaskIncrementTick
 .text.xTaskResumeAll
                0x08005d2c       0xf8 CMakeFiles/TwoWheelsCar_F407VG.elf.dir/Middlewares/Third_Party/FreeRTOS/Source/tasks.c.obj
                0x08005d2c                xTaskResumeAll
 .text.vTaskDelay
                0x08005e24       0x4c CMakeFiles/TwoWheelsCar_F407VG.elf.dir/Middlewares/Third_Party/FreeRTOS/Source/tasks.c.obj
                0x08005e24                vTaskDelay
 .text.vTaskSwitchContext
                0x08005e70       0xa4 CMakeFiles/TwoWheelsCar_F407VG.elf.dir/Middlewares/Third_Party/FreeRTOS/Source/tasks.c.obj
                0x08005e70                vTaskSwitchContext
 .text.vTaskPlaceOnEventList
                0x08005f14       0x30 CMakeFiles/TwoWheelsCar_F407VG.elf.dir/Middlewares/Third_Party/FreeRTOS/Source/tasks.c.obj
                0x08005f14                vTaskPlaceOnEventList
 .text.vTaskPlaceOnUnorderedEventList
                0x08005f44       0x58 CMakeFiles/TwoWheelsCar_F407VG.elf.dir/Middlewares/Third_Party/FreeRTOS/Source/tasks.c.obj
                0x08005f44                vTaskPlaceOnUnorderedEventList
 .text.vTaskPlaceOnEventListRestricted
                0x08005f9c       0x38 CMakeFiles/TwoWheelsCar_F407VG.elf.dir/Middlewares/Third_Party/FreeRTOS/Source/tasks.c.obj
                0x08005f9c                vTaskPlaceOnEventListRestricted
 .text.xTaskRemoveFromEventList
                0x08005fd4       0x8c CMakeFiles/TwoWheelsCar_F407VG.elf.dir/Middlewares/Third_Party/FreeRTOS/Source/tasks.c.obj
                0x08005fd4                xTaskRemoveFromEventList
 .text.vTaskRemoveFromUnorderedEventList
                0x08006060       0x88 CMakeFiles/TwoWheelsCar_F407VG.elf.dir/Middlewares/Third_Party/FreeRTOS/Source/tasks.c.obj
                0x08006060                vTaskRemoveFromUnorderedEventList
 .text.vTaskInternalSetTimeOutState
                0x080060e8       0x18 CMakeFiles/TwoWheelsCar_F407VG.elf.dir/Middlewares/Third_Party/FreeRTOS/Source/tasks.c.obj
                0x080060e8                vTaskInternalSetTimeOutState
 .text.xTaskCheckForTimeOut
                0x08006100       0x84 CMakeFiles/TwoWheelsCar_F407VG.elf.dir/Middlewares/Third_Party/FreeRTOS/Source/tasks.c.obj
                0x08006100                xTaskCheckForTimeOut
 .text.vTaskMissedYield
                0x08006184        0xc CMakeFiles/TwoWheelsCar_F407VG.elf.dir/Middlewares/Third_Party/FreeRTOS/Source/tasks.c.obj
                0x08006184                vTaskMissedYield
 .text.xTaskGetSchedulerState
                0x08006190       0x20 CMakeFiles/TwoWheelsCar_F407VG.elf.dir/Middlewares/Third_Party/FreeRTOS/Source/tasks.c.obj
                0x08006190                xTaskGetSchedulerState
 .text.xTaskPriorityDisinherit
                0x080061b0       0xb4 CMakeFiles/TwoWheelsCar_F407VG.elf.dir/Middlewares/Third_Party/FreeRTOS/Source/tasks.c.obj
                0x080061b0                xTaskPriorityDisinherit
 .text.uxTaskResetEventItemValue
                0x08006264       0x18 CMakeFiles/TwoWheelsCar_F407VG.elf.dir/Middlewares/Third_Party/FreeRTOS/Source/tasks.c.obj
                0x08006264                uxTaskResetEventItemValue
 .text.prvGetNextExpireTime
                0x0800627c       0x20 CMakeFiles/TwoWheelsCar_F407VG.elf.dir/Middlewares/Third_Party/FreeRTOS/Source/timers.c.obj
 .text.prvInsertTimerInActiveList
                0x0800629c       0x48 CMakeFiles/TwoWheelsCar_F407VG.elf.dir/Middlewares/Third_Party/FreeRTOS/Source/timers.c.obj
 .text.prvCheckForValidListAndQueue
                0x080062e4       0x70 CMakeFiles/TwoWheelsCar_F407VG.elf.dir/Middlewares/Third_Party/FreeRTOS/Source/timers.c.obj
 .text.prvInitialiseNewTimer
                0x08006354       0x4c CMakeFiles/TwoWheelsCar_F407VG.elf.dir/Middlewares/Third_Party/FreeRTOS/Source/timers.c.obj
 .text.xTimerCreateTimerTask
                0x080063a0       0x64 CMakeFiles/TwoWheelsCar_F407VG.elf.dir/Middlewares/Third_Party/FreeRTOS/Source/timers.c.obj
                0x080063a0                xTimerCreateTimerTask
 .text.xTimerCreate
                0x08006404       0x38 CMakeFiles/TwoWheelsCar_F407VG.elf.dir/Middlewares/Third_Party/FreeRTOS/Source/timers.c.obj
                0x08006404                xTimerCreate
 .text.xTimerCreateStatic
                0x0800643c       0x54 CMakeFiles/TwoWheelsCar_F407VG.elf.dir/Middlewares/Third_Party/FreeRTOS/Source/timers.c.obj
                0x0800643c                xTimerCreateStatic
 .text.xTimerGenericCommand
                0x08006490       0x6c CMakeFiles/TwoWheelsCar_F407VG.elf.dir/Middlewares/Third_Party/FreeRTOS/Source/timers.c.obj
                0x08006490                xTimerGenericCommand
 .text.prvSwitchTimerLists
                0x080064fc       0x7c CMakeFiles/TwoWheelsCar_F407VG.elf.dir/Middlewares/Third_Party/FreeRTOS/Source/timers.c.obj
 .text.prvSampleTimeNow
                0x08006578       0x2c CMakeFiles/TwoWheelsCar_F407VG.elf.dir/Middlewares/Third_Party/FreeRTOS/Source/timers.c.obj
 .text.prvProcessExpiredTimer
                0x080065a4       0x6c CMakeFiles/TwoWheelsCar_F407VG.elf.dir/Middlewares/Third_Party/FreeRTOS/Source/timers.c.obj
 .text.prvProcessTimerOrBlockTask
                0x08006610       0x74 CMakeFiles/TwoWheelsCar_F407VG.elf.dir/Middlewares/Third_Party/FreeRTOS/Source/timers.c.obj
 .text.prvProcessReceivedCommands
                0x08006684       0xfc CMakeFiles/TwoWheelsCar_F407VG.elf.dir/Middlewares/Third_Party/FreeRTOS/Source/timers.c.obj
 .text.prvTimerTask
                0x08006780       0x16 CMakeFiles/TwoWheelsCar_F407VG.elf.dir/Middlewares/Third_Party/FreeRTOS/Source/timers.c.obj
 .text.getTIMx_DetaCnt
                0x08006796       0x12 CMakeFiles/TwoWheelsCar_F407VG.elf.dir/MyFile/Src/encoder.c.obj
                0x08006796                getTIMx_DetaCnt
 .text.MY_ROBOT_Kinematics
                0x080067a8      0x1e0 CMakeFiles/TwoWheelsCar_F407VG.elf.dir/MyFile/Src/encoder.c.obj
                0x080067a8                MY_ROBOT_Kinematics
 .text.Forward_Slow
                0x08006988       0x38 CMakeFiles/TwoWheelsCar_F407VG.elf.dir/MyFile/Src/motor.c.obj
                0x08006988                Forward_Slow
 .text.Back_Slow
                0x080069c0       0x38 CMakeFiles/TwoWheelsCar_F407VG.elf.dir/MyFile/Src/motor.c.obj
                0x080069c0                Back_Slow
 .text.Stop     0x080069f8       0x14 CMakeFiles/TwoWheelsCar_F407VG.elf.dir/MyFile/Src/motor.c.obj
                0x080069f8                Stop
 .text.SpeedPid_Init
                0x08006a0c       0x24 CMakeFiles/TwoWheelsCar_F407VG.elf.dir/MyFile/Src/mypid.c.obj
                0x08006a0c                SpeedPid_Init
 .text.LimitSpeed
                0x08006a30       0x20 CMakeFiles/TwoWheelsCar_F407VG.elf.dir/MyFile/Src/mypid.c.obj
                0x08006a30                LimitSpeed
 .text.Calc_SpeedPid
                0x08006a50       0xd8 CMakeFiles/TwoWheelsCar_F407VG.elf.dir/MyFile/Src/mypid.c.obj
                0x08006a50                Calc_SpeedPid
 .text.IMU_DataAnalysis
                0x08006b28       0xe4 CMakeFiles/TwoWheelsCar_F407VG.elf.dir/MyFile/Src/myuart.c.obj
                0x08006b28                IMU_DataAnalysis
 .text.ROS_DataAnalysis
                0x08006c0c       0x8c CMakeFiles/TwoWheelsCar_F407VG.elf.dir/MyFile/Src/myuart.c.obj
                0x08006c0c                ROS_DataAnalysis
 .text.ROBOT_SendDataToRos
                0x08006c98       0xe0 CMakeFiles/TwoWheelsCar_F407VG.elf.dir/MyFile/Src/myuart.c.obj
                0x08006c98                ROBOT_SendDataToRos
 .text.__errno  0x08006d78        0xc d:/green/gcc-arm-none-eabi-10.3-2021.10/bin/../lib/gcc/arm-none-eabi/10.3.1/../../../../arm-none-eabi/lib/thumb/v7e-m+fp/hard\libg.a(lib_a-errno.o)
                0x08006d78                __errno
 .text.__libc_init_array
                0x08006d84       0x48 d:/green/gcc-arm-none-eabi-10.3-2021.10/bin/../lib/gcc/arm-none-eabi/10.3.1/../../../../arm-none-eabi/lib/thumb/v7e-m+fp/hard\libg.a(lib_a-init.o)
                0x08006d84                __libc_init_array
 .text.memset   0x08006dcc       0xa4 d:/green/gcc-arm-none-eabi-10.3-2021.10/bin/../lib/gcc/arm-none-eabi/10.3.1/../../../../arm-none-eabi/lib/thumb/v7e-m+fp/hard\libg.a(lib_a-memset.o)
                0x08006dcc                memset
 .text.cleanup_glue
                0x08006e70       0x48 d:/green/gcc-arm-none-eabi-10.3-2021.10/bin/../lib/gcc/arm-none-eabi/10.3.1/../../../../arm-none-eabi/lib/thumb/v7e-m+fp/hard\libg.a(lib_a-reent.o)
                0x08006e70                cleanup_glue
 .text._reclaim_reent
                0x08006eb8       0x90 d:/green/gcc-arm-none-eabi-10.3-2021.10/bin/../lib/gcc/arm-none-eabi/10.3.1/../../../../arm-none-eabi/lib/thumb/v7e-m+fp/hard\libg.a(lib_a-reent.o)
                0x08006eb8                _reclaim_reent
 .text.startup.register_fini
                0x08006f48       0x14 d:/green/gcc-arm-none-eabi-10.3-2021.10/bin/../lib/gcc/arm-none-eabi/10.3.1/../../../../arm-none-eabi/lib/thumb/v7e-m+fp/hard\libg.a(lib_a-__call_atexit.o)
 .text.atexit   0x08006f5c        0xc d:/green/gcc-arm-none-eabi-10.3-2021.10/bin/../lib/gcc/arm-none-eabi/10.3.1/../../../../arm-none-eabi/lib/thumb/v7e-m+fp/hard\libg.a(lib_a-atexit.o)
                0x08006f5c                atexit
 .text.__libc_fini_array
                0x08006f68       0x2c d:/green/gcc-arm-none-eabi-10.3-2021.10/bin/../lib/gcc/arm-none-eabi/10.3.1/../../../../arm-none-eabi/lib/thumb/v7e-m+fp/hard\libg.a(lib_a-fini.o)
                0x08006f68                __libc_fini_array
 .text._malloc_trim_r
                0x08006f94       0xa0 d:/green/gcc-arm-none-eabi-10.3-2021.10/bin/../lib/gcc/arm-none-eabi/10.3.1/../../../../arm-none-eabi/lib/thumb/v7e-m+fp/hard\libg.a(lib_a-freer.o)
                0x08006f94                _malloc_trim_r
 .text._free_r  0x08007034      0x20c d:/green/gcc-arm-none-eabi-10.3-2021.10/bin/../lib/gcc/arm-none-eabi/10.3.1/../../../../arm-none-eabi/lib/thumb/v7e-m+fp/hard\libg.a(lib_a-freer.o)
                0x08007034                _free_r
 .text.__retarget_lock_acquire_recursive
                0x08007240        0x4 d:/green/gcc-arm-none-eabi-10.3-2021.10/bin/../lib/gcc/arm-none-eabi/10.3.1/../../../../arm-none-eabi/lib/thumb/v7e-m+fp/hard\libg.a(lib_a-lock.o)
                0x08007240                __retarget_lock_acquire_recursive
 .text.__retarget_lock_release_recursive
                0x08007244        0x4 d:/green/gcc-arm-none-eabi-10.3-2021.10/bin/../lib/gcc/arm-none-eabi/10.3.1/../../../../arm-none-eabi/lib/thumb/v7e-m+fp/hard\libg.a(lib_a-lock.o)
                0x08007244                __retarget_lock_release_recursive
 .text.__malloc_lock
                0x08007248        0xc d:/green/gcc-arm-none-eabi-10.3-2021.10/bin/../lib/gcc/arm-none-eabi/10.3.1/../../../../arm-none-eabi/lib/thumb/v7e-m+fp/hard\libg.a(lib_a-mlock.o)
                0x08007248                __malloc_lock
 .text.__malloc_unlock
                0x08007254        0xc d:/green/gcc-arm-none-eabi-10.3-2021.10/bin/../lib/gcc/arm-none-eabi/10.3.1/../../../../arm-none-eabi/lib/thumb/v7e-m+fp/hard\libg.a(lib_a-mlock.o)
                0x08007254                __malloc_unlock
 .text._sbrk_r  0x08007260       0x24 d:/green/gcc-arm-none-eabi-10.3-2021.10/bin/../lib/gcc/arm-none-eabi/10.3.1/../../../../arm-none-eabi/lib/thumb/v7e-m+fp/hard\libg.a(lib_a-sbrkr.o)
                0x08007260                _sbrk_r
 .text.__register_exitproc
                0x08007284       0x8c d:/green/gcc-arm-none-eabi-10.3-2021.10/bin/../lib/gcc/arm-none-eabi/10.3.1/../../../../arm-none-eabi/lib/thumb/v7e-m+fp/hard\libg.a(lib_a-__atexit.o)
                0x08007284                __register_exitproc
 *(.glue_7)
 .glue_7        0x08007310        0x0 linker stubs
 *(.glue_7t)
 .glue_7t       0x08007310        0x0 linker stubs
 *(.eh_frame)
 .eh_frame      0x08007310        0x0 d:/green/gcc-arm-none-eabi-10.3-2021.10/bin/../lib/gcc/arm-none-eabi/10.3.1/thumb/v7e-m+fp/hard/crtbegin.o
 *(.init)
 .init          0x08007310        0x4 d:/green/gcc-arm-none-eabi-10.3-2021.10/bin/../lib/gcc/arm-none-eabi/10.3.1/thumb/v7e-m+fp/hard/crti.o
                0x08007310                _init
 .init          0x08007314        0x8 d:/green/gcc-arm-none-eabi-10.3-2021.10/bin/../lib/gcc/arm-none-eabi/10.3.1/thumb/v7e-m+fp/hard/crtn.o
 *(.fini)
 .fini          0x0800731c        0x4 d:/green/gcc-arm-none-eabi-10.3-2021.10/bin/../lib/gcc/arm-none-eabi/10.3.1/thumb/v7e-m+fp/hard/crti.o
                0x0800731c                _fini
 .fini          0x08007320        0x8 d:/green/gcc-arm-none-eabi-10.3-2021.10/bin/../lib/gcc/arm-none-eabi/10.3.1/thumb/v7e-m+fp/hard/crtn.o
                0x08007328                . = ALIGN (0x4)
                0x08007328                _etext = .

.vfp11_veneer   0x08007328        0x0
 .vfp11_veneer  0x08007328        0x0 linker stubs

.v4_bx          0x08007328        0x0
 .v4_bx         0x08007328        0x0 linker stubs

.iplt           0x08007328        0x0
 .iplt          0x08007328        0x0 d:/green/gcc-arm-none-eabi-10.3-2021.10/bin/../lib/gcc/arm-none-eabi/10.3.1/thumb/v7e-m+fp/hard/crtbegin.o

.rodata         0x08007328      0x130
                0x08007328                . = ALIGN (0x4)
 *(.rodata)
 .rodata        0x08007328       0xa8 CMakeFiles/TwoWheelsCar_F407VG.elf.dir/Core/Src/freertos.c.obj
 *(.rodata*)
 .rodata.str1.4
                0x080073d0       0x49 CMakeFiles/TwoWheelsCar_F407VG.elf.dir/Core/Src/freertos.c.obj
 *fill*         0x08007419        0x3 
 .rodata.AHBPrescTable
                0x0800741c       0x10 CMakeFiles/TwoWheelsCar_F407VG.elf.dir/Core/Src/system_stm32f4xx.c.obj
                0x0800741c                AHBPrescTable
 .rodata.APBPrescTable
                0x0800742c        0x8 CMakeFiles/TwoWheelsCar_F407VG.elf.dir/Core/Src/system_stm32f4xx.c.obj
                0x0800742c                APBPrescTable
 .rodata.flagBitshiftOffset.0
                0x08007434        0x8 CMakeFiles/TwoWheelsCar_F407VG.elf.dir/Drivers/STM32F4xx_HAL_Driver/Src/stm32f4xx_hal_dma.c.obj
 .rodata.osTimerCreate.str1.4
                0x0800743c       0x49 CMakeFiles/TwoWheelsCar_F407VG.elf.dir/Middlewares/Third_Party/FreeRTOS/Source/CMSIS_RTOS/cmsis_os.c.obj
                                  0x1 (size before relaxing)
 .rodata.vTaskStartScheduler.str1.4
                0x0800743c        0x5 CMakeFiles/TwoWheelsCar_F407VG.elf.dir/Middlewares/Third_Party/FreeRTOS/Source/tasks.c.obj
 *fill*         0x08007441        0x3 
 .rodata.prvCheckForValidListAndQueue.str1.4
                0x08007444        0x5 CMakeFiles/TwoWheelsCar_F407VG.elf.dir/Middlewares/Third_Party/FreeRTOS/Source/timers.c.obj
 *fill*         0x08007449        0x3 
 .rodata.xTimerCreateTimerTask.str1.4
                0x0800744c        0x8 CMakeFiles/TwoWheelsCar_F407VG.elf.dir/Middlewares/Third_Party/FreeRTOS/Source/timers.c.obj
 .rodata._global_impure_ptr
                0x08007454        0x4 d:/green/gcc-arm-none-eabi-10.3-2021.10/bin/../lib/gcc/arm-none-eabi/10.3.1/../../../../arm-none-eabi/lib/thumb/v7e-m+fp/hard\libg.a(lib_a-impure.o)
                0x08007454                _global_impure_ptr
                0x08007458                . = ALIGN (0x4)

.ARM.extab      0x08007458        0x0
                0x08007458                . = ALIGN (0x4)
 *(.ARM.extab* .gnu.linkonce.armextab.*)
                0x08007458                . = ALIGN (0x4)

.ARM            0x08007458        0x8
                0x08007458                . = ALIGN (0x4)
                0x08007458                __exidx_start = .
 *(.ARM.exidx*)
 .ARM.exidx     0x08007458        0x8 d:/green/gcc-arm-none-eabi-10.3-2021.10/bin/../lib/gcc/arm-none-eabi/10.3.1/thumb/v7e-m+fp/hard\libgcc.a(_udivmoddi4.o)
                0x08007460                __exidx_end = .
                0x08007460                . = ALIGN (0x4)

.rel.dyn        0x08007460        0x0
 .rel.iplt      0x08007460        0x0 d:/green/gcc-arm-none-eabi-10.3-2021.10/bin/../lib/gcc/arm-none-eabi/10.3.1/thumb/v7e-m+fp/hard/crtbegin.o

.preinit_array  0x08007460        0x0
                0x08007460                . = ALIGN (0x4)
                0x08007460                PROVIDE (__preinit_array_start = .)
 *(.preinit_array*)
                0x08007460                PROVIDE (__preinit_array_end = .)
                0x08007460                . = ALIGN (0x4)

.init_array     0x08007460        0x8
                0x08007460                . = ALIGN (0x4)
                0x08007460                PROVIDE (__init_array_start = .)
 *(SORT_BY_NAME(.init_array.*))
 .init_array.00000
                0x08007460        0x4 d:/green/gcc-arm-none-eabi-10.3-2021.10/bin/../lib/gcc/arm-none-eabi/10.3.1/../../../../arm-none-eabi/lib/thumb/v7e-m+fp/hard\libg.a(lib_a-__call_atexit.o)
 *(.init_array*)
 .init_array    0x08007464        0x4 d:/green/gcc-arm-none-eabi-10.3-2021.10/bin/../lib/gcc/arm-none-eabi/10.3.1/thumb/v7e-m+fp/hard/crtbegin.o
                0x08007468                PROVIDE (__init_array_end = .)
                0x08007468                . = ALIGN (0x4)

.fini_array     0x08007468        0x4
                0x08007468                . = ALIGN (0x4)
                0x08007468                PROVIDE (__fini_array_start = .)
 *(SORT_BY_NAME(.fini_array.*))
 *(.fini_array*)
 .fini_array    0x08007468        0x4 d:/green/gcc-arm-none-eabi-10.3-2021.10/bin/../lib/gcc/arm-none-eabi/10.3.1/thumb/v7e-m+fp/hard/crtbegin.o
                0x0800746c                PROVIDE (__fini_array_end = .)
                0x0800746c                . = ALIGN (0x4)
                0x0800746c                _sidata = LOADADDR (.data)

.data           0x20000000      0xc6c load address 0x0800746c
                0x20000000                . = ALIGN (0x4)
                0x20000000                _sdata = .
 *(.data)
 *(.data*)
 .data.SystemCoreClock
                0x20000000        0x4 CMakeFiles/TwoWheelsCar_F407VG.elf.dir/Core/Src/system_stm32f4xx.c.obj
                0x20000000                SystemCoreClock
 .data.Uart2_Str
                0x20000004      0x20c CMakeFiles/TwoWheelsCar_F407VG.elf.dir/Core/Src/usart.c.obj
                0x20000004                Uart2_Str
 .data.Uart3_Str
                0x20000210      0x20c CMakeFiles/TwoWheelsCar_F407VG.elf.dir/Core/Src/usart.c.obj
                0x20000210                Uart3_Str
 .data.uwTickFreq
                0x2000041c        0x1 CMakeFiles/TwoWheelsCar_F407VG.elf.dir/Drivers/STM32F4xx_HAL_Driver/Src/stm32f4xx_hal.c.obj
                0x2000041c                uwTickFreq
 *fill*         0x2000041d        0x3 
 .data.uwTickPrio
                0x20000420        0x4 CMakeFiles/TwoWheelsCar_F407VG.elf.dir/Drivers/STM32F4xx_HAL_Driver/Src/stm32f4xx_hal.c.obj
                0x20000420                uwTickPrio
 .data.uxCriticalNesting
                0x20000424        0x4 CMakeFiles/TwoWheelsCar_F407VG.elf.dir/Middlewares/Third_Party/FreeRTOS/Source/portable/GCC/ARM_CM4F/port.c.obj
 .data.state.3  0x20000428        0x1 CMakeFiles/TwoWheelsCar_F407VG.elf.dir/MyFile/Src/myuart.c.obj
 *fill*         0x20000429        0x3 
 .data._impure_ptr
                0x2000042c        0x4 d:/green/gcc-arm-none-eabi-10.3-2021.10/bin/../lib/gcc/arm-none-eabi/10.3.1/../../../../arm-none-eabi/lib/thumb/v7e-m+fp/hard\libg.a(lib_a-impure.o)
                0x2000042c                _impure_ptr
 .data.impure_data
                0x20000430      0x428 d:/green/gcc-arm-none-eabi-10.3-2021.10/bin/../lib/gcc/arm-none-eabi/10.3.1/../../../../arm-none-eabi/lib/thumb/v7e-m+fp/hard\libg.a(lib_a-impure.o)
 .data.__atexit_recursive_mutex
                0x20000858        0x4 d:/green/gcc-arm-none-eabi-10.3-2021.10/bin/../lib/gcc/arm-none-eabi/10.3.1/../../../../arm-none-eabi/lib/thumb/v7e-m+fp/hard\libg.a(lib_a-__call_atexit.o)
                0x20000858                __atexit_recursive_mutex
 .data.__malloc_av_
                0x2000085c      0x408 d:/green/gcc-arm-none-eabi-10.3-2021.10/bin/../lib/gcc/arm-none-eabi/10.3.1/../../../../arm-none-eabi/lib/thumb/v7e-m+fp/hard\libg.a(lib_a-mallocr.o)
                0x2000085c                __malloc_av_
 .data.__malloc_sbrk_base
                0x20000c64        0x4 d:/green/gcc-arm-none-eabi-10.3-2021.10/bin/../lib/gcc/arm-none-eabi/10.3.1/../../../../arm-none-eabi/lib/thumb/v7e-m+fp/hard\libg.a(lib_a-mallocr.o)
                0x20000c64                __malloc_sbrk_base
 .data.__malloc_trim_threshold
                0x20000c68        0x4 d:/green/gcc-arm-none-eabi-10.3-2021.10/bin/../lib/gcc/arm-none-eabi/10.3.1/../../../../arm-none-eabi/lib/thumb/v7e-m+fp/hard\libg.a(lib_a-mallocr.o)
                0x20000c68                __malloc_trim_threshold
 *(.RamFunc)
 *(.RamFunc*)
                0x20000c6c                . = ALIGN (0x4)
                0x20000c6c                _edata = .
                0x080080d8                _siccmram = LOADADDR (.ccmram)

.igot.plt       0x20000c6c        0x0 load address 0x080080d8
 .igot.plt      0x20000c6c        0x0 d:/green/gcc-arm-none-eabi-10.3-2021.10/bin/../lib/gcc/arm-none-eabi/10.3.1/thumb/v7e-m+fp/hard/crtbegin.o

.ccmram         0x10000000        0x0 load address 0x080080d8
                0x10000000                . = ALIGN (0x4)
                0x10000000                _sccmram = .
 *(.ccmram)
 *(.ccmram*)
                0x10000000                . = ALIGN (0x4)
                0x10000000                _eccmram = .
                0x10000000                . = ALIGN (0x4)

.bss            0x20000c70     0x57c0
                0x20000c70                _sbss = .
                0x20000c70                __bss_start__ = _sbss
 *(.bss)
 .bss           0x20000c70       0x1c d:/green/gcc-arm-none-eabi-10.3-2021.10/bin/../lib/gcc/arm-none-eabi/10.3.1/thumb/v7e-m+fp/hard/crtbegin.o
 *(.bss*)
 .bss.AnalysisTaskHandle
                0x20000c8c        0x4 CMakeFiles/TwoWheelsCar_F407VG.elf.dir/Core/Src/freertos.c.obj
                0x20000c8c                AnalysisTaskHandle
 .bss.ControlTaskHandle
                0x20000c90        0x4 CMakeFiles/TwoWheelsCar_F407VG.elf.dir/Core/Src/freertos.c.obj
                0x20000c90                ControlTaskHandle
 .bss.Event_Key_Handle
                0x20000c94        0x4 CMakeFiles/TwoWheelsCar_F407VG.elf.dir/Core/Src/freertos.c.obj
                0x20000c94                Event_Key_Handle
 .bss.GetEventTaskHandle
                0x20000c98        0x4 CMakeFiles/TwoWheelsCar_F407VG.elf.dir/Core/Src/freertos.c.obj
                0x20000c98                GetEventTaskHandle
 .bss.KeyTaskHandle
                0x20000c9c        0x4 CMakeFiles/TwoWheelsCar_F407VG.elf.dir/Core/Src/freertos.c.obj
                0x20000c9c                KeyTaskHandle
 .bss.MyTimer1Handle
                0x20000ca0        0x4 CMakeFiles/TwoWheelsCar_F407VG.elf.dir/Core/Src/freertos.c.obj
                0x20000ca0                MyTimer1Handle
 .bss.MyTimer2Handle
                0x20000ca4        0x4 CMakeFiles/TwoWheelsCar_F407VG.elf.dir/Core/Src/freertos.c.obj
                0x20000ca4                MyTimer2Handle
 .bss.SendTaskHandle
                0x20000ca8        0x4 CMakeFiles/TwoWheelsCar_F407VG.elf.dir/Core/Src/freertos.c.obj
                0x20000ca8                SendTaskHandle
 .bss.defaultTaskHandle
                0x20000cac        0x4 CMakeFiles/TwoWheelsCar_F407VG.elf.dir/Core/Src/freertos.c.obj
                0x20000cac                defaultTaskHandle
 .bss.xIdleStack
                0x20000cb0      0x200 CMakeFiles/TwoWheelsCar_F407VG.elf.dir/Core/Src/freertos.c.obj
 .bss.xIdleTaskTCBBuffer
                0x20000eb0      0x480 CMakeFiles/TwoWheelsCar_F407VG.elf.dir/Core/Src/freertos.c.obj
 .bss.xTimerStack
                0x20001330      0x400 CMakeFiles/TwoWheelsCar_F407VG.elf.dir/Core/Src/freertos.c.obj
 .bss.xTimerTaskTCBBuffer
                0x20001730      0x480 CMakeFiles/TwoWheelsCar_F407VG.elf.dir/Core/Src/freertos.c.obj
 .bss.hi2c1     0x20001bb0       0x54 CMakeFiles/TwoWheelsCar_F407VG.elf.dir/Core/Src/i2c.c.obj
                0x20001bb0                hi2c1
 .bss.htim1     0x20001c04       0x48 CMakeFiles/TwoWheelsCar_F407VG.elf.dir/Core/Src/stm32f4xx_hal_timebase_tim.c.obj
                0x20001c04                htim1
 .bss.__sbrk_heap_end
                0x20001c4c        0x4 CMakeFiles/TwoWheelsCar_F407VG.elf.dir/Core/Src/sysmem.c.obj
 .bss.htim2     0x20001c50       0x48 CMakeFiles/TwoWheelsCar_F407VG.elf.dir/Core/Src/tim.c.obj
                0x20001c50                htim2
 .bss.htim3     0x20001c98       0x48 CMakeFiles/TwoWheelsCar_F407VG.elf.dir/Core/Src/tim.c.obj
                0x20001c98                htim3
 .bss.htim4     0x20001ce0       0x48 CMakeFiles/TwoWheelsCar_F407VG.elf.dir/Core/Src/tim.c.obj
                0x20001ce0                htim4
 .bss.htim9     0x20001d28       0x48 CMakeFiles/TwoWheelsCar_F407VG.elf.dir/Core/Src/tim.c.obj
                0x20001d28                htim9
 .bss.Uart1_Str
                0x20001d70      0x20c CMakeFiles/TwoWheelsCar_F407VG.elf.dir/Core/Src/usart.c.obj
                0x20001d70                Uart1_Str
 .bss.hdma_usart1_rx
                0x20001f7c       0x60 CMakeFiles/TwoWheelsCar_F407VG.elf.dir/Core/Src/usart.c.obj
                0x20001f7c                hdma_usart1_rx
 .bss.hdma_usart1_tx
                0x20001fdc       0x60 CMakeFiles/TwoWheelsCar_F407VG.elf.dir/Core/Src/usart.c.obj
                0x20001fdc                hdma_usart1_tx
 .bss.hdma_usart2_rx
                0x2000203c       0x60 CMakeFiles/TwoWheelsCar_F407VG.elf.dir/Core/Src/usart.c.obj
                0x2000203c                hdma_usart2_rx
 .bss.hdma_usart2_tx
                0x2000209c       0x60 CMakeFiles/TwoWheelsCar_F407VG.elf.dir/Core/Src/usart.c.obj
                0x2000209c                hdma_usart2_tx
 .bss.huart1    0x200020fc       0x48 CMakeFiles/TwoWheelsCar_F407VG.elf.dir/Core/Src/usart.c.obj
                0x200020fc                huart1
 .bss.huart2    0x20002144       0x48 CMakeFiles/TwoWheelsCar_F407VG.elf.dir/Core/Src/usart.c.obj
                0x20002144                huart2
 .bss.huart3    0x2000218c       0x48 CMakeFiles/TwoWheelsCar_F407VG.elf.dir/Core/Src/usart.c.obj
                0x2000218c                huart3
 .bss.huart4    0x200021d4       0x48 CMakeFiles/TwoWheelsCar_F407VG.elf.dir/Core/Src/usart.c.obj
                0x200021d4                huart4
 .bss.huart5    0x2000221c       0x48 CMakeFiles/TwoWheelsCar_F407VG.elf.dir/Core/Src/usart.c.obj
                0x2000221c                huart5
 .bss.huart6    0x20002264       0x48 CMakeFiles/TwoWheelsCar_F407VG.elf.dir/Core/Src/usart.c.obj
                0x20002264                huart6
 .bss.uwTick    0x200022ac        0x4 CMakeFiles/TwoWheelsCar_F407VG.elf.dir/Drivers/STM32F4xx_HAL_Driver/Src/stm32f4xx_hal.c.obj
                0x200022ac                uwTick
 .bss.ucMaxSysCallPriority
                0x200022b0        0x1 CMakeFiles/TwoWheelsCar_F407VG.elf.dir/Middlewares/Third_Party/FreeRTOS/Source/portable/GCC/ARM_CM4F/port.c.obj
 *fill*         0x200022b1        0x3 
 .bss.ulMaxPRIGROUPValue
                0x200022b4        0x4 CMakeFiles/TwoWheelsCar_F407VG.elf.dir/Middlewares/Third_Party/FreeRTOS/Source/portable/GCC/ARM_CM4F/port.c.obj
 .bss.pxEnd     0x200022b8        0x4 CMakeFiles/TwoWheelsCar_F407VG.elf.dir/Middlewares/Third_Party/FreeRTOS/Source/portable/MemMang/heap_4.c.obj
 .bss.ucHeap    0x200022bc     0x3c00 CMakeFiles/TwoWheelsCar_F407VG.elf.dir/Middlewares/Third_Party/FreeRTOS/Source/portable/MemMang/heap_4.c.obj
 .bss.xBlockAllocatedBit
                0x20005ebc        0x4 CMakeFiles/TwoWheelsCar_F407VG.elf.dir/Middlewares/Third_Party/FreeRTOS/Source/portable/MemMang/heap_4.c.obj
 .bss.xFreeBytesRemaining
                0x20005ec0        0x4 CMakeFiles/TwoWheelsCar_F407VG.elf.dir/Middlewares/Third_Party/FreeRTOS/Source/portable/MemMang/heap_4.c.obj
 .bss.xMinimumEverFreeBytesRemaining
                0x20005ec4        0x4 CMakeFiles/TwoWheelsCar_F407VG.elf.dir/Middlewares/Third_Party/FreeRTOS/Source/portable/MemMang/heap_4.c.obj
 .bss.xNumberOfSuccessfulAllocations
                0x20005ec8        0x4 CMakeFiles/TwoWheelsCar_F407VG.elf.dir/Middlewares/Third_Party/FreeRTOS/Source/portable/MemMang/heap_4.c.obj
 .bss.xNumberOfSuccessfulFrees
                0x20005ecc        0x4 CMakeFiles/TwoWheelsCar_F407VG.elf.dir/Middlewares/Third_Party/FreeRTOS/Source/portable/MemMang/heap_4.c.obj
 .bss.xStart    0x20005ed0        0x8 CMakeFiles/TwoWheelsCar_F407VG.elf.dir/Middlewares/Third_Party/FreeRTOS/Source/portable/MemMang/heap_4.c.obj
 .bss.xQueueRegistry
                0x20005ed8       0x40 CMakeFiles/TwoWheelsCar_F407VG.elf.dir/Middlewares/Third_Party/FreeRTOS/Source/queue.c.obj
                0x20005ed8                xQueueRegistry
 .bss.pxCurrentTCB
                0x20005f18        0x4 CMakeFiles/TwoWheelsCar_F407VG.elf.dir/Middlewares/Third_Party/FreeRTOS/Source/tasks.c.obj
                0x20005f18                pxCurrentTCB
 .bss.pxDelayedTaskList
                0x20005f1c        0x4 CMakeFiles/TwoWheelsCar_F407VG.elf.dir/Middlewares/Third_Party/FreeRTOS/Source/tasks.c.obj
 .bss.pxOverflowDelayedTaskList
                0x20005f20        0x4 CMakeFiles/TwoWheelsCar_F407VG.elf.dir/Middlewares/Third_Party/FreeRTOS/Source/tasks.c.obj
 .bss.pxReadyTasksLists
                0x20005f24      0x280 CMakeFiles/TwoWheelsCar_F407VG.elf.dir/Middlewares/Third_Party/FreeRTOS/Source/tasks.c.obj
 .bss.uxCurrentNumberOfTasks
                0x200061a4        0x4 CMakeFiles/TwoWheelsCar_F407VG.elf.dir/Middlewares/Third_Party/FreeRTOS/Source/tasks.c.obj
 .bss.uxDeletedTasksWaitingCleanUp
                0x200061a8        0x4 CMakeFiles/TwoWheelsCar_F407VG.elf.dir/Middlewares/Third_Party/FreeRTOS/Source/tasks.c.obj
 .bss.uxSchedulerSuspended
                0x200061ac        0x4 CMakeFiles/TwoWheelsCar_F407VG.elf.dir/Middlewares/Third_Party/FreeRTOS/Source/tasks.c.obj
 .bss.uxTaskNumber
                0x200061b0        0x4 CMakeFiles/TwoWheelsCar_F407VG.elf.dir/Middlewares/Third_Party/FreeRTOS/Source/tasks.c.obj
 .bss.uxTopReadyPriority
                0x200061b4        0x4 CMakeFiles/TwoWheelsCar_F407VG.elf.dir/Middlewares/Third_Party/FreeRTOS/Source/tasks.c.obj
 .bss.xDelayedTaskList1
                0x200061b8       0x14 CMakeFiles/TwoWheelsCar_F407VG.elf.dir/Middlewares/Third_Party/FreeRTOS/Source/tasks.c.obj
 .bss.xDelayedTaskList2
                0x200061cc       0x14 CMakeFiles/TwoWheelsCar_F407VG.elf.dir/Middlewares/Third_Party/FreeRTOS/Source/tasks.c.obj
 .bss.xIdleTaskHandle
                0x200061e0        0x4 CMakeFiles/TwoWheelsCar_F407VG.elf.dir/Middlewares/Third_Party/FreeRTOS/Source/tasks.c.obj
 .bss.xNextTaskUnblockTime
                0x200061e4        0x4 CMakeFiles/TwoWheelsCar_F407VG.elf.dir/Middlewares/Third_Party/FreeRTOS/Source/tasks.c.obj
 .bss.xNumOfOverflows
                0x200061e8        0x4 CMakeFiles/TwoWheelsCar_F407VG.elf.dir/Middlewares/Third_Party/FreeRTOS/Source/tasks.c.obj
 .bss.xPendedTicks
                0x200061ec        0x4 CMakeFiles/TwoWheelsCar_F407VG.elf.dir/Middlewares/Third_Party/FreeRTOS/Source/tasks.c.obj
 .bss.xPendingReadyList
                0x200061f0       0x14 CMakeFiles/TwoWheelsCar_F407VG.elf.dir/Middlewares/Third_Party/FreeRTOS/Source/tasks.c.obj
 .bss.xSchedulerRunning
                0x20006204        0x4 CMakeFiles/TwoWheelsCar_F407VG.elf.dir/Middlewares/Third_Party/FreeRTOS/Source/tasks.c.obj
 .bss.xSuspendedTaskList
                0x20006208       0x14 CMakeFiles/TwoWheelsCar_F407VG.elf.dir/Middlewares/Third_Party/FreeRTOS/Source/tasks.c.obj
 .bss.xTasksWaitingTermination
                0x2000621c       0x14 CMakeFiles/TwoWheelsCar_F407VG.elf.dir/Middlewares/Third_Party/FreeRTOS/Source/tasks.c.obj
 .bss.xTickCount
                0x20006230        0x4 CMakeFiles/TwoWheelsCar_F407VG.elf.dir/Middlewares/Third_Party/FreeRTOS/Source/tasks.c.obj
 .bss.xYieldPending
                0x20006234        0x4 CMakeFiles/TwoWheelsCar_F407VG.elf.dir/Middlewares/Third_Party/FreeRTOS/Source/tasks.c.obj
 .bss.pxCurrentTimerList
                0x20006238        0x4 CMakeFiles/TwoWheelsCar_F407VG.elf.dir/Middlewares/Third_Party/FreeRTOS/Source/timers.c.obj
 .bss.pxOverflowTimerList
                0x2000623c        0x4 CMakeFiles/TwoWheelsCar_F407VG.elf.dir/Middlewares/Third_Party/FreeRTOS/Source/timers.c.obj
 .bss.ucStaticTimerQueueStorage.1
                0x20006240       0x78 CMakeFiles/TwoWheelsCar_F407VG.elf.dir/Middlewares/Third_Party/FreeRTOS/Source/timers.c.obj
 .bss.xActiveTimerList1
                0x200062b8       0x14 CMakeFiles/TwoWheelsCar_F407VG.elf.dir/Middlewares/Third_Party/FreeRTOS/Source/timers.c.obj
 .bss.xActiveTimerList2
                0x200062cc       0x14 CMakeFiles/TwoWheelsCar_F407VG.elf.dir/Middlewares/Third_Party/FreeRTOS/Source/timers.c.obj
 .bss.xLastTime.2
                0x200062e0        0x4 CMakeFiles/TwoWheelsCar_F407VG.elf.dir/Middlewares/Third_Party/FreeRTOS/Source/timers.c.obj
 .bss.xStaticTimerQueue.0
                0x200062e4       0x48 CMakeFiles/TwoWheelsCar_F407VG.elf.dir/Middlewares/Third_Party/FreeRTOS/Source/timers.c.obj
 .bss.xTimerQueue
                0x2000632c        0x4 CMakeFiles/TwoWheelsCar_F407VG.elf.dir/Middlewares/Third_Party/FreeRTOS/Source/timers.c.obj
 .bss.xTimerTaskHandle
                0x20006330        0x4 CMakeFiles/TwoWheelsCar_F407VG.elf.dir/Middlewares/Third_Party/FreeRTOS/Source/timers.c.obj
 .bss.R_Vel     0x20006334        0x8 CMakeFiles/TwoWheelsCar_F407VG.elf.dir/MyFile/Src/encoder.c.obj
                0x20006334                R_Vel
 .bss.ecL       0x2000633c        0x4 CMakeFiles/TwoWheelsCar_F407VG.elf.dir/MyFile/Src/encoder.c.obj
                0x2000633c                ecL
 .bss.ecR       0x20006340        0x4 CMakeFiles/TwoWheelsCar_F407VG.elf.dir/MyFile/Src/encoder.c.obj
                0x20006340                ecR
 .bss.LeftSpeedPid
                0x20006344       0x24 CMakeFiles/TwoWheelsCar_F407VG.elf.dir/MyFile/Src/mypid.c.obj
                0x20006344                LeftSpeedPid
 .bss.RightSpeedPid
                0x20006368       0x24 CMakeFiles/TwoWheelsCar_F407VG.elf.dir/MyFile/Src/mypid.c.obj
                0x20006368                RightSpeedPid
 .bss._data_to_send.0
                0x2000638c       0x46 CMakeFiles/TwoWheelsCar_F407VG.elf.dir/MyFile/Src/myuart.c.obj
 *fill*         0x200063d2        0x2 
 .bss.acle      0x200063d4        0x6 CMakeFiles/TwoWheelsCar_F407VG.elf.dir/MyFile/Src/myuart.c.obj
                0x200063d4                acle
 *fill*         0x200063da        0x2 
 .bss.angle     0x200063dc        0x6 CMakeFiles/TwoWheelsCar_F407VG.elf.dir/MyFile/Src/myuart.c.obj
                0x200063dc                angle
 *fill*         0x200063e2        0x2 
 .bss.gyro      0x200063e4        0x6 CMakeFiles/TwoWheelsCar_F407VG.elf.dir/MyFile/Src/myuart.c.obj
                0x200063e4                gyro
 *fill*         0x200063ea        0x2 
 .bss.receive_buf.1
                0x200063ec        0xb CMakeFiles/TwoWheelsCar_F407VG.elf.dir/MyFile/Src/myuart.c.obj
 .bss.receive_num.2
                0x200063f7        0x1 CMakeFiles/TwoWheelsCar_F407VG.elf.dir/MyFile/Src/myuart.c.obj
 .bss.errno     0x200063f8        0x4 d:/green/gcc-arm-none-eabi-10.3-2021.10/bin/../lib/gcc/arm-none-eabi/10.3.1/../../../../arm-none-eabi/lib/thumb/v7e-m+fp/hard\libg.a(lib_a-reent.o)
                0x200063f8                errno
 .bss.__lock___atexit_recursive_mutex
                0x200063fc        0x1 d:/green/gcc-arm-none-eabi-10.3-2021.10/bin/../lib/gcc/arm-none-eabi/10.3.1/../../../../arm-none-eabi/lib/thumb/v7e-m+fp/hard\libg.a(lib_a-lock.o)
                0x200063fc                __lock___atexit_recursive_mutex
 *fill*         0x200063fd        0x3 
 .bss.__lock___malloc_recursive_mutex
                0x20006400        0x1 d:/green/gcc-arm-none-eabi-10.3-2021.10/bin/../lib/gcc/arm-none-eabi/10.3.1/../../../../arm-none-eabi/lib/thumb/v7e-m+fp/hard\libg.a(lib_a-lock.o)
                0x20006400                __lock___malloc_recursive_mutex
 *fill*         0x20006401        0x3 
 .bss.__malloc_current_mallinfo
                0x20006404       0x28 d:/green/gcc-arm-none-eabi-10.3-2021.10/bin/../lib/gcc/arm-none-eabi/10.3.1/../../../../arm-none-eabi/lib/thumb/v7e-m+fp/hard\libg.a(lib_a-mallocr.o)
                0x20006404                __malloc_current_mallinfo
 .bss.__malloc_top_pad
                0x2000642c        0x4 d:/green/gcc-arm-none-eabi-10.3-2021.10/bin/../lib/gcc/arm-none-eabi/10.3.1/../../../../arm-none-eabi/lib/thumb/v7e-m+fp/hard\libg.a(lib_a-mallocr.o)
                0x2000642c                __malloc_top_pad
 *(COMMON)
                0x20006430                . = ALIGN (0x4)
                0x20006430                _ebss = .
                0x20006430                __bss_end__ = _ebss

._user_heap_stack
                0x20006430      0xa00
                0x20006430                . = ALIGN (0x8)
                [!provide]                PROVIDE (end = .)
                0x20006430                PROVIDE (_end = .)
                0x20006630                . = (. + _Min_Heap_Size)
 *fill*         0x20006430      0x200 
                0x20006e30                . = (. + _Min_Stack_Size)
 *fill*         0x20006630      0x800 
                0x20006e30                . = ALIGN (0x8)

/DISCARD/
 libc.a(*)
 libm.a(*)
 libgcc.a(*)

.ARM.attributes
                0x00000000       0x30
 *(.ARM.attributes)
 .ARM.attributes
                0x00000000       0x1e d:/green/gcc-arm-none-eabi-10.3-2021.10/bin/../lib/gcc/arm-none-eabi/10.3.1/thumb/v7e-m+fp/hard/crti.o
 .ARM.attributes
                0x0000001e       0x34 d:/green/gcc-arm-none-eabi-10.3-2021.10/bin/../lib/gcc/arm-none-eabi/10.3.1/thumb/v7e-m+fp/hard/crtbegin.o
 .ARM.attributes
                0x00000052       0x34 CMakeFiles/TwoWheelsCar_F407VG.elf.dir/Core/Src/dma.c.obj
 .ARM.attributes
                0x00000086       0x34 CMakeFiles/TwoWheelsCar_F407VG.elf.dir/Core/Src/freertos.c.obj
 .ARM.attributes
                0x000000ba       0x34 CMakeFiles/TwoWheelsCar_F407VG.elf.dir/Core/Src/gpio.c.obj
 .ARM.attributes
                0x000000ee       0x34 CMakeFiles/TwoWheelsCar_F407VG.elf.dir/Core/Src/i2c.c.obj
 .ARM.attributes
                0x00000122       0x34 CMakeFiles/TwoWheelsCar_F407VG.elf.dir/Core/Src/main.c.obj
 .ARM.attributes
                0x00000156       0x34 CMakeFiles/TwoWheelsCar_F407VG.elf.dir/Core/Src/stm32f4xx_hal_msp.c.obj
 .ARM.attributes
                0x0000018a       0x34 CMakeFiles/TwoWheelsCar_F407VG.elf.dir/Core/Src/stm32f4xx_hal_timebase_tim.c.obj
 .ARM.attributes
                0x000001be       0x34 CMakeFiles/TwoWheelsCar_F407VG.elf.dir/Core/Src/stm32f4xx_it.c.obj
 .ARM.attributes
                0x000001f2       0x34 CMakeFiles/TwoWheelsCar_F407VG.elf.dir/Core/Src/sysmem.c.obj
 .ARM.attributes
                0x00000226       0x34 CMakeFiles/TwoWheelsCar_F407VG.elf.dir/Core/Src/system_stm32f4xx.c.obj
 .ARM.attributes
                0x0000025a       0x34 CMakeFiles/TwoWheelsCar_F407VG.elf.dir/Core/Src/tim.c.obj
 .ARM.attributes
                0x0000028e       0x34 CMakeFiles/TwoWheelsCar_F407VG.elf.dir/Core/Src/usart.c.obj
 .ARM.attributes
                0x000002c2       0x21 CMakeFiles/TwoWheelsCar_F407VG.elf.dir/Core/Startup/startup_stm32f407vgtx.s.obj
 .ARM.attributes
                0x000002e3       0x34 CMakeFiles/TwoWheelsCar_F407VG.elf.dir/Drivers/STM32F4xx_HAL_Driver/Src/stm32f4xx_hal.c.obj
 .ARM.attributes
                0x00000317       0x34 CMakeFiles/TwoWheelsCar_F407VG.elf.dir/Drivers/STM32F4xx_HAL_Driver/Src/stm32f4xx_hal_cortex.c.obj
 .ARM.attributes
                0x0000034b       0x34 CMakeFiles/TwoWheelsCar_F407VG.elf.dir/Drivers/STM32F4xx_HAL_Driver/Src/stm32f4xx_hal_dma.c.obj
 .ARM.attributes
                0x0000037f       0x34 CMakeFiles/TwoWheelsCar_F407VG.elf.dir/Drivers/STM32F4xx_HAL_Driver/Src/stm32f4xx_hal_gpio.c.obj
 .ARM.attributes
                0x000003b3       0x34 CMakeFiles/TwoWheelsCar_F407VG.elf.dir/Drivers/STM32F4xx_HAL_Driver/Src/stm32f4xx_hal_i2c.c.obj
 .ARM.attributes
                0x000003e7       0x34 CMakeFiles/TwoWheelsCar_F407VG.elf.dir/Drivers/STM32F4xx_HAL_Driver/Src/stm32f4xx_hal_rcc.c.obj
 .ARM.attributes
                0x0000041b       0x34 CMakeFiles/TwoWheelsCar_F407VG.elf.dir/Drivers/STM32F4xx_HAL_Driver/Src/stm32f4xx_hal_tim.c.obj
 .ARM.attributes
                0x0000044f       0x34 CMakeFiles/TwoWheelsCar_F407VG.elf.dir/Drivers/STM32F4xx_HAL_Driver/Src/stm32f4xx_hal_tim_ex.c.obj
 .ARM.attributes
                0x00000483       0x34 CMakeFiles/TwoWheelsCar_F407VG.elf.dir/Drivers/STM32F4xx_HAL_Driver/Src/stm32f4xx_hal_uart.c.obj
 .ARM.attributes
                0x000004b7       0x34 CMakeFiles/TwoWheelsCar_F407VG.elf.dir/Middlewares/Third_Party/FreeRTOS/Source/CMSIS_RTOS/cmsis_os.c.obj
 .ARM.attributes
                0x000004eb       0x34 CMakeFiles/TwoWheelsCar_F407VG.elf.dir/Middlewares/Third_Party/FreeRTOS/Source/event_groups.c.obj
 .ARM.attributes
                0x0000051f       0x34 CMakeFiles/TwoWheelsCar_F407VG.elf.dir/Middlewares/Third_Party/FreeRTOS/Source/list.c.obj
 .ARM.attributes
                0x00000553       0x34 CMakeFiles/TwoWheelsCar_F407VG.elf.dir/Middlewares/Third_Party/FreeRTOS/Source/portable/GCC/ARM_CM4F/port.c.obj
 .ARM.attributes
                0x00000587       0x34 CMakeFiles/TwoWheelsCar_F407VG.elf.dir/Middlewares/Third_Party/FreeRTOS/Source/portable/MemMang/heap_4.c.obj
 .ARM.attributes
                0x000005bb       0x34 CMakeFiles/TwoWheelsCar_F407VG.elf.dir/Middlewares/Third_Party/FreeRTOS/Source/queue.c.obj
 .ARM.attributes